Archive member included to satisfy reference by file (symbol)

c:/program files (x86)/atollic/truestudio for stm32 9.0.1/armtools/bin/../lib/gcc/arm-atollic-eabi/6.3.1/../../../../arm-atollic-eabi/lib/armv7e-m/fpu\libc_nano.a(lib_a-init.o)
                              startup\startup_stm32f303xe.o (__libc_init_array)
c:/program files (x86)/atollic/truestudio for stm32 9.0.1/armtools/bin/../lib/gcc/arm-atollic-eabi/6.3.1/../../../../arm-atollic-eabi/lib/armv7e-m/fpu\libc_nano.a(lib_a-memcpy-stub.o)
                              Middlewares\Third_Party\FreeRTOS\Source\queue.o (memcpy)
c:/program files (x86)/atollic/truestudio for stm32 9.0.1/armtools/bin/../lib/gcc/arm-atollic-eabi/6.3.1/../../../../arm-atollic-eabi/lib/armv7e-m/fpu\libc_nano.a(lib_a-memset.o)
                              Middlewares\ST\STM32_USB_Device_Library\Class\AUDIO\Src\usbd_audio.o (memset)
c:/program files (x86)/atollic/truestudio for stm32 9.0.1/armtools/bin/../lib/gcc/arm-atollic-eabi/6.3.1/armv7e-m/fpu\libgcc.a(_lshrdi3.o)
                              Drivers\STM32F3xx_HAL_Driver\Src\stm32f3xx_hal_flash.o (__aeabi_llsr)

Allocating common symbols
Common symbol       size              file

hUsbDeviceFS        0x224             Src\usb_device.o
defaultTaskHandle   0x4               Src\main.o
uwTick              0x4               Drivers\STM32F3xx_HAL_Driver\Src\stm32f3xx_hal.o
xQueueRegistry      0x40              Middlewares\Third_Party\FreeRTOS\Source\queue.o
pFlash              0x20              Drivers\STM32F3xx_HAL_Driver\Src\stm32f3xx_hal_flash.o
htim1               0x40              Src\stm32f3xx_hal_timebase_TIM.o
hpcd_USB_FS         0x3a8             Src\usbd_conf.o
USBD_StrDesc        0x200             Src\usbd_desc.o

Discarded input sections

 .text          0x00000000        0x0 c:/program files (x86)/atollic/truestudio for stm32 9.0.1/armtools/bin/../lib/gcc/arm-atollic-eabi/6.3.1/armv7e-m/fpu/crti.o
 .data          0x00000000        0x0 c:/program files (x86)/atollic/truestudio for stm32 9.0.1/armtools/bin/../lib/gcc/arm-atollic-eabi/6.3.1/armv7e-m/fpu/crti.o
 .bss           0x00000000        0x0 c:/program files (x86)/atollic/truestudio for stm32 9.0.1/armtools/bin/../lib/gcc/arm-atollic-eabi/6.3.1/armv7e-m/fpu/crti.o
 .data          0x00000000        0x4 c:/program files (x86)/atollic/truestudio for stm32 9.0.1/armtools/bin/../lib/gcc/arm-atollic-eabi/6.3.1/armv7e-m/fpu/crtbegin.o
 .text          0x00000000        0x0 Drivers\STM32F3xx_HAL_Driver\Src\stm32f3xx_hal.o
 .data          0x00000000        0x0 Drivers\STM32F3xx_HAL_Driver\Src\stm32f3xx_hal.o
 .bss           0x00000000        0x0 Drivers\STM32F3xx_HAL_Driver\Src\stm32f3xx_hal.o
 .text.HAL_MspInit
                0x00000000        0x2 Drivers\STM32F3xx_HAL_Driver\Src\stm32f3xx_hal.o
 .text.HAL_MspDeInit
                0x00000000        0x2 Drivers\STM32F3xx_HAL_Driver\Src\stm32f3xx_hal.o
 .text.HAL_DeInit
                0x00000000       0x24 Drivers\STM32F3xx_HAL_Driver\Src\stm32f3xx_hal.o
 .text.HAL_InitTick
                0x00000000       0x48 Drivers\STM32F3xx_HAL_Driver\Src\stm32f3xx_hal.o
 .text.HAL_GetTickPrio
                0x00000000        0xc Drivers\STM32F3xx_HAL_Driver\Src\stm32f3xx_hal.o
 .text.HAL_SetTickFreq
                0x00000000       0x24 Drivers\STM32F3xx_HAL_Driver\Src\stm32f3xx_hal.o
 .text.HAL_GetTickFreq
                0x00000000        0xc Drivers\STM32F3xx_HAL_Driver\Src\stm32f3xx_hal.o
 .text.HAL_Delay
                0x00000000       0x28 Drivers\STM32F3xx_HAL_Driver\Src\stm32f3xx_hal.o
 .text.HAL_SuspendTick
                0x00000000       0x10 Drivers\STM32F3xx_HAL_Driver\Src\stm32f3xx_hal.o
 .text.HAL_ResumeTick
                0x00000000       0x10 Drivers\STM32F3xx_HAL_Driver\Src\stm32f3xx_hal.o
 .text.HAL_GetHalVersion
                0x00000000        0x8 Drivers\STM32F3xx_HAL_Driver\Src\stm32f3xx_hal.o
 .text.HAL_GetREVID
                0x00000000        0xc Drivers\STM32F3xx_HAL_Driver\Src\stm32f3xx_hal.o
 .text.HAL_GetDEVID
                0x00000000       0x10 Drivers\STM32F3xx_HAL_Driver\Src\stm32f3xx_hal.o
 .text.HAL_GetUIDw0
                0x00000000        0xc Drivers\STM32F3xx_HAL_Driver\Src\stm32f3xx_hal.o
 .text.HAL_GetUIDw1
                0x00000000        0xc Drivers\STM32F3xx_HAL_Driver\Src\stm32f3xx_hal.o
 .text.HAL_GetUIDw2
                0x00000000        0xc Drivers\STM32F3xx_HAL_Driver\Src\stm32f3xx_hal.o
 .text.HAL_DBGMCU_EnableDBGSleepMode
                0x00000000       0x10 Drivers\STM32F3xx_HAL_Driver\Src\stm32f3xx_hal.o
 .text.HAL_DBGMCU_DisableDBGSleepMode
                0x00000000       0x10 Drivers\STM32F3xx_HAL_Driver\Src\stm32f3xx_hal.o
 .text.HAL_DBGMCU_EnableDBGStopMode
                0x00000000       0x10 Drivers\STM32F3xx_HAL_Driver\Src\stm32f3xx_hal.o
 .text.HAL_DBGMCU_DisableDBGStopMode
                0x00000000       0x10 Drivers\STM32F3xx_HAL_Driver\Src\stm32f3xx_hal.o
 .text.HAL_DBGMCU_EnableDBGStandbyMode
[...]
Memory Configuration

Name             Origin             Length             Attributes
RAM              0x20000000         0x00010000         xrw
CCMRAM           0x10000000         0x00004000         rw
FLASH            0x08000000         0x00080000         xr
*default*        0x00000000         0xffffffff

Linker script and memory map

LOAD c:/program files (x86)/atollic/truestudio for stm32 9.0.1/armtools/bin/../lib/gcc/arm-atollic-eabi/6.3.1/armv7e-m/fpu/crti.o
LOAD c:/program files (x86)/atollic/truestudio for stm32 9.0.1/armtools/bin/../lib/gcc/arm-atollic-eabi/6.3.1/armv7e-m/fpu/crtbegin.o
LOAD Drivers\STM32F3xx_HAL_Driver\Src\stm32f3xx_hal.o
LOAD Drivers\STM32F3xx_HAL_Driver\Src\stm32f3xx_hal_cortex.o
LOAD Drivers\STM32F3xx_HAL_Driver\Src\stm32f3xx_hal_dma.o
LOAD Drivers\STM32F3xx_HAL_Driver\Src\stm32f3xx_hal_flash.o
LOAD Drivers\STM32F3xx_HAL_Driver\Src\stm32f3xx_hal_flash_ex.o
LOAD Drivers\STM32F3xx_HAL_Driver\Src\stm32f3xx_hal_gpio.o
LOAD Drivers\STM32F3xx_HAL_Driver\Src\stm32f3xx_hal_i2c.o
LOAD Drivers\STM32F3xx_HAL_Driver\Src\stm32f3xx_hal_i2c_ex.o
LOAD Drivers\STM32F3xx_HAL_Driver\Src\stm32f3xx_hal_pcd.o
LOAD Drivers\STM32F3xx_HAL_Driver\Src\stm32f3xx_hal_pcd_ex.o
LOAD Drivers\STM32F3xx_HAL_Driver\Src\stm32f3xx_hal_pwr.o
LOAD Drivers\STM32F3xx_HAL_Driver\Src\stm32f3xx_hal_pwr_ex.o
LOAD Drivers\STM32F3xx_HAL_Driver\Src\stm32f3xx_hal_rcc.o
LOAD Drivers\STM32F3xx_HAL_Driver\Src\stm32f3xx_hal_rcc_ex.o
LOAD Drivers\STM32F3xx_HAL_Driver\Src\stm32f3xx_hal_tim.o
LOAD Drivers\STM32F3xx_HAL_Driver\Src\stm32f3xx_hal_tim_ex.o
LOAD Middlewares\ST\STM32_USB_Device_Library\Class\AUDIO\Src\usbd_audio.o
LOAD Middlewares\ST\STM32_USB_Device_Library\Core\Src\usbd_core.o
LOAD Middlewares\ST\STM32_USB_Device_Library\Core\Src\usbd_ctlreq.o
LOAD Middlewares\ST\STM32_USB_Device_Library\Core\Src\usbd_ioreq.o
LOAD Middlewares\Third_Party\FreeRTOS\Source\CMSIS_RTOS\cmsis_os.o
LOAD Middlewares\Third_Party\FreeRTOS\Source\croutine.o
LOAD Middlewares\Third_Party\FreeRTOS\Source\event_groups.o
LOAD Middlewares\Third_Party\FreeRTOS\Source\list.o
LOAD Middlewares\Third_Party\FreeRTOS\Source\portable\GCC\ARM_CM4F\port.o
LOAD Middlewares\Third_Party\FreeRTOS\Source\portable\MemMang\heap_4.o
LOAD Middlewares\Third_Party\FreeRTOS\Source\queue.o
LOAD Middlewares\Third_Party\FreeRTOS\Source\tasks.o
LOAD Middlewares\Third_Party\FreeRTOS\Source\timers.o
LOAD Src\freertos.o
LOAD Src\main.o
LOAD Src\stm32f3xx_hal_msp.o
LOAD Src\stm32f3xx_hal_timebase_TIM.o
LOAD Src\stm32f3xx_it.o
LOAD Src\system_stm32f3xx.o
LOAD Src\usb_device.o
LOAD Src\usbd_audio_if.o
LOAD Src\usbd_conf.o
LOAD Src\usbd_desc.o
LOAD startup\startup_stm32f303xe.o
                0x00000080                malloc_getpagesize_P = 0x80
START GROUP
LOAD c:/program files (x86)/atollic/truestudio for stm32 9.0.1/armtools/bin/../lib/gcc/arm-atollic-eabi/6.3.1/../../../../arm-atollic-eabi/lib/armv7e-m/fpu\libc_nano.a
LOAD c:/program files (x86)/atollic/truestudio for stm32 9.0.1/armtools/bin/../lib/gcc/arm-atollic-eabi/6.3.1/../../../../arm-atollic-eabi/lib/armv7e-m/fpu\libm.a
END GROUP
START GROUP
LOAD c:/program files (x86)/atollic/truestudio for stm32 9.0.1/armtools/bin/../lib/gcc/arm-atollic-eabi/6.3.1/armv7e-m/fpu\libgcc.a
LOAD c:/program files (x86)/atollic/truestudio for stm32 9.0.1/armtools/bin/../lib/gcc/arm-atollic-eabi/6.3.1/../../../../arm-atollic-eabi/lib/armv7e-m/fpu\libc_nano.a
END GROUP
START GROUP
LOAD c:/program files (x86)/atollic/truestudio for stm32 9.0.1/armtools/bin/../lib/gcc/arm-atollic-eabi/6.3.1/armv7e-m/fpu\libgcc.a
LOAD c:/program files (x86)/atollic/truestudio for stm32 9.0.1/armtools/bin/../lib/gcc/arm-atollic-eabi/6.3.1/../../../../arm-atollic-eabi/lib/armv7e-m/fpu\libc_nano.a
LOAD c:/program files (x86)/atollic/truestudio for stm32 9.0.1/armtools/bin/../lib/gcc/arm-atollic-eabi/6.3.1/../../../../arm-atollic-eabi/lib/armv7e-m/fpu\libnosys.a
END GROUP
START GROUP
LOAD c:/program files (x86)/atollic/truestudio for stm32 9.0.1/armtools/bin/../lib/gcc/arm-atollic-eabi/6.3.1/armv7e-m/fpu\libgcc.a
LOAD c:/program files (x86)/atollic/truestudio for stm32 9.0.1/armtools/bin/../lib/gcc/arm-atollic-eabi/6.3.1/../../../../arm-atollic-eabi/lib/armv7e-m/fpu\libc_nano.a
LOAD c:/program files (x86)/atollic/truestudio for stm32 9.0.1/armtools/bin/../lib/gcc/arm-atollic-eabi/6.3.1/../../../../arm-atollic-eabi/lib/armv7e-m/fpu\libnosys.a
END GROUP
LOAD c:/program files (x86)/atollic/truestudio for stm32 9.0.1/armtools/bin/../lib/gcc/arm-atollic-eabi/6.3.1/armv7e-m/fpu/crtend.o
LOAD c:/program files (x86)/atollic/truestudio for stm32 9.0.1/armtools/bin/../lib/gcc/arm-atollic-eabi/6.3.1/armv7e-m/fpu/crtn.o
                0x20010000                _estack = 0x20010000
                0x00000200                _Min_Heap_Size = 0x200
                0x00000400                _Min_Stack_Size = 0x400

.isr_vector     0x08000000      0x194
                0x08000000                . = ALIGN (0x4)
 *(.isr_vector)
 .isr_vector    0x08000000      0x194 startup\startup_stm32f303xe.o
                0x08000000                g_pfnVectors
                0x08000194                . = ALIGN (0x4)

.text           0x080001a0     0x3860
                0x080001a0                . = ALIGN (0x4)
 *(.text)
 .text          0x080001a0       0x40 c:/program files (x86)/atollic/truestudio for stm32 9.0.1/armtools/bin/../lib/gcc/arm-atollic-eabi/6.3.1/armv7e-m/fpu/crtbegin.o
 *(.text*)
 .text.HAL_Init
                0x080001e0       0x24 Drivers\STM32F3xx_HAL_Driver\Src\stm32f3xx_hal.o
                0x080001e0                HAL_Init
 .text.HAL_IncTick
                0x08000204       0x18 Drivers\STM32F3xx_HAL_Driver\Src\stm32f3xx_hal.o
                0x08000204                HAL_IncTick
 .text.HAL_GetTick
                0x0800021c        0xc Drivers\STM32F3xx_HAL_Driver\Src\stm32f3xx_hal.o
                0x0800021c                HAL_GetTick
 .text.HAL_NVIC_SetPriorityGrouping
                0x08000228       0x24 Drivers\STM32F3xx_HAL_Driver\Src\stm32f3xx_hal_cortex.o
                0x08000228                HAL_NVIC_SetPriorityGrouping
 .text.HAL_NVIC_SetPriority
                0x0800024c       0x68 Drivers\STM32F3xx_HAL_Driver\Src\stm32f3xx_hal_cortex.o
                0x0800024c                HAL_NVIC_SetPriority
 .text.HAL_NVIC_EnableIRQ
                0x080002b4       0x18 Drivers\STM32F3xx_HAL_Driver\Src\stm32f3xx_hal_cortex.o
                0x080002b4                HAL_NVIC_EnableIRQ
 .text.HAL_SYSTICK_Config
                0x080002cc       0x2c Drivers\STM32F3xx_HAL_Driver\Src\stm32f3xx_hal_cortex.o
                0x080002cc                HAL_SYSTICK_Config
 .text.HAL_SYSTICK_CLKSourceConfig
                0x080002f8       0x18 Drivers\STM32F3xx_HAL_Driver\Src\stm32f3xx_hal_cortex.o
                0x080002f8                HAL_SYSTICK_CLKSourceConfig
 .text.HAL_GPIO_Init
                0x08000310      0x1a0 Drivers\STM32F3xx_HAL_Driver\Src\stm32f3xx_hal_gpio.o
                0x08000310                HAL_GPIO_Init
 .text.HAL_GPIO_WritePin
                0x080004b0        0xa Drivers\STM32F3xx_HAL_Driver\Src\stm32f3xx_hal_gpio.o
                0x080004b0                HAL_GPIO_WritePin
 .text.HAL_PCD_Init
                0x080004ba       0xa8 Drivers\STM32F3xx_HAL_Driver\Src\stm32f3xx_hal_pcd.o
                0x080004ba                HAL_PCD_Init
 .text.HAL_PCD_Start
                0x08000562        0xc Drivers\STM32F3xx_HAL_Driver\Src\stm32f3xx_hal_pcd.o
                0x08000562                HAL_PCD_Start
 .text.HAL_PCD_SetAddress
                0x0800056e       0x2c Drivers\STM32F3xx_HAL_Driver\Src\stm32f3xx_hal_pcd.o
                0x0800056e                HAL_PCD_SetAddress
 *fill*         0x0800059a        0x2 
 .text.HAL_PCD_EP_Open
                0x0800059c      0x328 Drivers\STM32F3xx_HAL_Driver\Src\stm32f3xx_hal_pcd.o
                0x0800059c                HAL_PCD_EP_Open
 .text.HAL_PCD_EP_Close
                0x080008c4      0x1da Drivers\STM32F3xx_HAL_Driver\Src\stm32f3xx_hal_pcd.o
                0x080008c4                HAL_PCD_EP_Close
 *fill*         0x08000a9e        0x2 
 .text.HAL_PCD_EP_Receive
                0x08000aa0       0xd8 Drivers\STM32F3xx_HAL_Driver\Src\stm32f3xx_hal_pcd.o
                0x08000aa0                HAL_PCD_EP_Receive
 .text.HAL_PCD_EP_Transmit
                0x08000b78       0xf6 Drivers\STM32F3xx_HAL_Driver\Src\stm32f3xx_hal_pcd.o
                0x08000b78                HAL_PCD_EP_Transmit
 *fill*         0x08000c6e        0x2 
 .text.HAL_PCD_IRQHandler
                0x08000c70      0x480 Drivers\STM32F3xx_HAL_Driver\Src\stm32f3xx_hal_pcd.o
                0x08000c70                HAL_PCD_IRQHandler
 .text.HAL_PCD_EP_SetStall
                0x080010f0       0xa2 Drivers\STM32F3xx_HAL_Driver\Src\stm32f3xx_hal_pcd.o
                0x080010f0                HAL_PCD_EP_SetStall
 .text.HAL_PCD_EP_ClrStall
                0x08001192       0xc8 Drivers\STM32F3xx_HAL_Driver\Src\stm32f3xx_hal_pcd.o
                0x08001192                HAL_PCD_EP_ClrStall
 .text.HAL_PCDEx_PMAConfig
                0x0800125a       0x36 Drivers\STM32F3xx_HAL_Driver\Src\stm32f3xx_hal_pcd_ex.o
                0x0800125a                HAL_PCDEx_PMAConfig
 .text.PCD_WritePMA
                0x08001290       0x24 Drivers\STM32F3xx_HAL_Driver\Src\stm32f3xx_hal_pcd_ex.o
                0x08001290                PCD_WritePMA
 .text.PCD_ReadPMA
                0x080012b4       0x34 Drivers\STM32F3xx_HAL_Driver\Src\stm32f3xx_hal_pcd_ex.o
                0x080012b4                PCD_ReadPMA
 .text.HAL_RCC_OscConfig
                0x080012e8      0x504 Drivers\STM32F3xx_HAL_Driver\Src\stm32f3xx_hal_rcc.o
                0x080012e8                HAL_RCC_OscConfig
 .text.HAL_RCC_GetSysClockFreq
                0x080017ec       0x58 Drivers\STM32F3xx_HAL_Driver\Src\stm32f3xx_hal_rcc.o
                0x080017ec                HAL_RCC_GetSysClockFreq
 .text.HAL_RCC_ClockConfig
                0x08001844      0x154 Drivers\STM32F3xx_HAL_Driver\Src\stm32f3xx_hal_rcc.o
                0x08001844                HAL_RCC_ClockConfig
 .text.HAL_RCC_GetHCLKFreq
                0x08001998        0xc Drivers\STM32F3xx_HAL_Driver\Src\stm32f3xx_hal_rcc.o
                0x08001998                HAL_RCC_GetHCLKFreq
 .text.HAL_RCC_GetPCLK2Freq
                0x080019a4       0x30 Drivers\STM32F3xx_HAL_Driver\Src\stm32f3xx_hal_rcc.o
                0x080019a4                HAL_RCC_GetPCLK2Freq
 .text.HAL_RCC_GetClockConfig
                0x080019d4       0x3c Drivers\STM32F3xx_HAL_Driver\Src\stm32f3xx_hal_rcc.o
                0x080019d4                HAL_RCC_GetClockConfig
 .text.HAL_RCCEx_PeriphCLKConfig
                0x08001a10      0x288 Drivers\STM32F3xx_HAL_Driver\Src\stm32f3xx_hal_rcc_ex.o
                0x08001a10                HAL_RCCEx_PeriphCLKConfig
 .text.HAL_TIM_Base_MspInit
                0x08001c98        0x2 Drivers\STM32F3xx_HAL_Driver\Src\stm32f3xx_hal_tim.o
                0x08001c98                HAL_TIM_Base_MspInit
 .text.HAL_TIM_Base_Start_IT
                0x08001c9a       0x16 Drivers\STM32F3xx_HAL_Driver\Src\stm32f3xx_hal_tim.o
                0x08001c9a                HAL_TIM_Base_Start_IT
 .text.HAL_TIM_OC_DelayElapsedCallback
                0x08001cb0        0x2 Drivers\STM32F3xx_HAL_Driver\Src\stm32f3xx_hal_tim.o
                0x08001cb0                HAL_TIM_OC_DelayElapsedCallback
 .text.HAL_TIM_IC_CaptureCallback
                0x08001cb2        0x2 Drivers\STM32F3xx_HAL_Driver\Src\stm32f3xx_hal_tim.o
                0x08001cb2                HAL_TIM_IC_CaptureCallback
 .text.HAL_TIM_PWM_PulseFinishedCallback
                0x08001cb4        0x2 Drivers\STM32F3xx_HAL_Driver\Src\stm32f3xx_hal_tim.o
                0x08001cb4                HAL_TIM_PWM_PulseFinishedCallback
 .text.HAL_TIM_TriggerCallback
                0x08001cb6        0x2 Drivers\STM32F3xx_HAL_Driver\Src\stm32f3xx_hal_tim.o
                0x08001cb6                HAL_TIM_TriggerCallback
 .text.HAL_TIM_IRQHandler
                0x08001cb8      0x160 Drivers\STM32F3xx_HAL_Driver\Src\stm32f3xx_hal_tim.o
                0x08001cb8                HAL_TIM_IRQHandler
 .text.TIM_Base_SetConfig
                0x08001e18       0xd4 Drivers\STM32F3xx_HAL_Driver\Src\stm32f3xx_hal_tim.o
                0x08001e18                TIM_Base_SetConfig
 .text.HAL_TIM_Base_Init
                0x08001eec       0x34 Drivers\STM32F3xx_HAL_Driver\Src\stm32f3xx_hal_tim.o
                0x08001eec                HAL_TIM_Base_Init
 .text.HAL_TIMEx_CommutationCallback
                0x08001f20        0x2 Drivers\STM32F3xx_HAL_Driver\Src\stm32f3xx_hal_tim_ex.o
                0x08001f20                HAL_TIMEx_CommutationCallback
 .text.HAL_TIMEx_BreakCallback
                0x08001f22        0x2 Drivers\STM32F3xx_HAL_Driver\Src\stm32f3xx_hal_tim_ex.o
                0x08001f22                HAL_TIMEx_BreakCallback
 .text.HAL_TIMEx_Break2Callback
                0x08001f24        0x2 Drivers\STM32F3xx_HAL_Driver\Src\stm32f3xx_hal_tim_ex.o
                0x08001f24                HAL_TIMEx_Break2Callback
 *fill*         0x08001f26        0x2 
 .text.USBD_AUDIO_GetCfgDesc
                0x08001f28        0xc Middlewares\ST\STM32_USB_Device_Library\Class\AUDIO\Src\usbd_audio.o
 .text.USBD_AUDIO_EP0_RxReady
                0x08001f34       0x36 Middlewares\ST\STM32_USB_Device_Library\Class\AUDIO\Src\usbd_audio.o
 .text.USBD_AUDIO_SOF
                0x08001f6a        0x4 Middlewares\ST\STM32_USB_Device_Library\Class\AUDIO\Src\usbd_audio.o
 .text.USBD_AUDIO_IsoOutIncomplete
                0x08001f6e        0x4 Middlewares\ST\STM32_USB_Device_Library\Class\AUDIO\Src\usbd_audio.o
 *fill*         0x08001f72        0x2 
 .text.USBD_AUDIO_GetDeviceQualifierDesc
                0x08001f74        0xc Middlewares\ST\STM32_USB_Device_Library\Class\AUDIO\Src\usbd_audio.o
 .text.USBD_AUDIO_DataOut
                0x08001f80       0x70 Middlewares\ST\STM32_USB_Device_Library\Class\AUDIO\Src\usbd_audio.o
 .text.USBD_AUDIO_DeInit
                0x08001ff0       0x2c Middlewares\ST\STM32_USB_Device_Library\Class\AUDIO\Src\usbd_audio.o
 .text.USBD_AUDIO_Init
                0x0800201c       0x64 Middlewares\ST\STM32_USB_Device_Library\Class\AUDIO\Src\usbd_audio.o
 .text.USBD_AUDIO_Setup
                0x08002080       0xb4 Middlewares\ST\STM32_USB_Device_Library\Class\AUDIO\Src\usbd_audio.o
 .text.USBD_AUDIO_DataIn
                0x08002134        0x4 Middlewares\ST\STM32_USB_Device_Library\Class\AUDIO\Src\usbd_audio.o
 .text.USBD_AUDIO_IsoINIncomplete
                0x08002138        0x4 Middlewares\ST\STM32_USB_Device_Library\Class\AUDIO\Src\usbd_audio.o
 .text.USBD_AUDIO_EP0_TxReady
                0x0800213c        0x4 Middlewares\ST\STM32_USB_Device_Library\Class\AUDIO\Src\usbd_audio.o
 .text.USBD_AUDIO_RegisterInterface
                0x08002140        0xa Middlewares\ST\STM32_USB_Device_Library\Class\AUDIO\Src\usbd_audio.o
                0x08002140                USBD_AUDIO_RegisterInterface
 .text.USBD_Init
                0x0800214a       0x2a Middlewares\ST\STM32_USB_Device_Library\Core\Src\usbd_core.o
                0x0800214a                USBD_Init
 .text.USBD_RegisterClass
                0x08002174        0xe Middlewares\ST\STM32_USB_Device_Library\Core\Src\usbd_core.o
                0x08002174                USBD_RegisterClass
 .text.USBD_Start
                0x08002182        0xa Middlewares\ST\STM32_USB_Device_Library\Core\Src\usbd_core.o
                0x08002182                USBD_Start
 .text.USBD_SetClassConfig
                0x0800218c       0x16 Middlewares\ST\STM32_USB_Device_Library\Core\Src\usbd_core.o
                0x0800218c                USBD_SetClassConfig
 .text.USBD_ClrClassConfig
                0x080021a2        0xe Middlewares\ST\STM32_USB_Device_Library\Core\Src\usbd_core.o
                0x080021a2                USBD_ClrClassConfig
 .text.USBD_LL_SetupStage
                0x080021b0       0x5a Middlewares\ST\STM32_USB_Device_Library\Core\Src\usbd_core.o
                0x080021b0                USBD_LL_SetupStage
 .text.USBD_LL_DataOutStage
                0x0800220a       0x64 Middlewares\ST\STM32_USB_Device_Library\Core\Src\usbd_core.o
                0x0800220a                USBD_LL_DataOutStage
 .text.USBD_LL_DataInStage
                0x0800226e       0x9e Middlewares\ST\STM32_USB_Device_Library\Core\Src\usbd_core.o
                0x0800226e                USBD_LL_DataInStage
 .text.USBD_LL_Reset
                0x0800230c       0x3e Middlewares\ST\STM32_USB_Device_Library\Core\Src\usbd_core.o
                0x0800230c                USBD_LL_Reset
 .text.USBD_LL_SetSpeed
                0x0800234a        0x6 Middlewares\ST\STM32_USB_Device_Library\Core\Src\usbd_core.o
                0x0800234a                USBD_LL_SetSpeed
 .text.USBD_LL_Suspend
                0x08002350       0x12 Middlewares\ST\STM32_USB_Device_Library\Core\Src\usbd_core.o
                0x08002350                USBD_LL_Suspend
 .text.USBD_LL_Resume
                0x08002362        0xc Middlewares\ST\STM32_USB_Device_Library\Core\Src\usbd_core.o
                0x08002362                USBD_LL_Resume
 .text.USBD_LL_SOF
                0x0800236e       0x18 Middlewares\ST\STM32_USB_Device_Library\Core\Src\usbd_core.o
                0x0800236e                USBD_LL_SOF
 .text.USBD_CtlError.constprop.0
                0x08002386       0x16 Middlewares\ST\STM32_USB_Device_Library\Core\Src\usbd_ctlreq.o
 .text.USBD_StdDevReq
                0x0800239c      0x1f4 Middlewares\ST\STM32_USB_Device_Library\Core\Src\usbd_ctlreq.o
                0x0800239c                USBD_StdDevReq
 .text.USBD_StdItfReq
                0x08002590       0x30 Middlewares\ST\STM32_USB_Device_Library\Core\Src\usbd_ctlreq.o
                0x08002590                USBD_StdItfReq
 .text.USBD_StdEPReq
                0x080025c0       0xc6 Middlewares\ST\STM32_USB_Device_Library\Core\Src\usbd_ctlreq.o
                0x080025c0                USBD_StdEPReq
 .text.USBD_ParseSetupRequest
                0x08002686       0x28 Middlewares\ST\STM32_USB_Device_Library\Core\Src\usbd_ctlreq.o
                0x08002686                USBD_ParseSetupRequest
 .text.USBD_CtlError
                0x080026ae       0x16 Middlewares\ST\STM32_USB_Device_Library\Core\Src\usbd_ctlreq.o
                0x080026ae                USBD_CtlError
 .text.USBD_GetString
                0x080026c4       0x38 Middlewares\ST\STM32_USB_Device_Library\Core\Src\usbd_ctlreq.o
                0x080026c4                USBD_GetString
 .text.USBD_CtlSendData
                0x080026fc       0x1a Middlewares\ST\STM32_USB_Device_Library\Core\Src\usbd_ioreq.o
                0x080026fc                USBD_CtlSendData
 .text.USBD_CtlContinueSendData
                0x08002716       0x10 Middlewares\ST\STM32_USB_Device_Library\Core\Src\usbd_ioreq.o
                0x08002716                USBD_CtlContinueSendData
 .text.USBD_CtlPrepareRx
                0x08002726       0x1e Middlewares\ST\STM32_USB_Device_Library\Core\Src\usbd_ioreq.o
                0x08002726                USBD_CtlPrepareRx
 .text.USBD_CtlContinueRx
                0x08002744       0x10 Middlewares\ST\STM32_USB_Device_Library\Core\Src\usbd_ioreq.o
                0x08002744                USBD_CtlContinueRx
 .text.USBD_CtlSendStatus
                0x08002754       0x16 Middlewares\ST\STM32_USB_Device_Library\Core\Src\usbd_ioreq.o
                0x08002754                USBD_CtlSendStatus
 .text.USBD_CtlReceiveStatus
                0x0800276a       0x16 Middlewares\ST\STM32_USB_Device_Library\Core\Src\usbd_ioreq.o
                0x0800276a                USBD_CtlReceiveStatus
 .text.osKernelStart
                0x08002780        0xa Middlewares\Third_Party\FreeRTOS\Source\CMSIS_RTOS\cmsis_os.o
                0x08002780                osKernelStart
 .text.osThreadCreate
                0x0800278a       0x30 Middlewares\Third_Party\FreeRTOS\Source\CMSIS_RTOS\cmsis_os.o
                0x0800278a                osThreadCreate
 .text.osDelay  0x080027ba       0x10 Middlewares\Third_Party\FreeRTOS\Source\CMSIS_RTOS\cmsis_os.o
                0x080027ba                osDelay
 .text.osSystickHandler
                0x080027ca       0x14 Middlewares\Third_Party\FreeRTOS\Source\CMSIS_RTOS\cmsis_os.o
                0x080027ca                osSystickHandler
 .text.vListInitialise
                0x080027de       0x16 Middlewares\Third_Party\FreeRTOS\Source\list.o
                0x080027de                vListInitialise
 .text.vListInitialiseItem
                0x080027f4        0x6 Middlewares\Third_Party\FreeRTOS\Source\list.o
                0x080027f4                vListInitialiseItem
 .text.vListInsertEnd
                0x080027fa       0x18 Middlewares\Third_Party\FreeRTOS\Source\list.o
                0x080027fa                vListInsertEnd
 .text.vListInsert
                0x08002812       0x2e Middlewares\Third_Party\FreeRTOS\Source\list.o
                0x08002812                vListInsert
 .text.uxListRemove
                0x08002840       0x20 Middlewares\Third_Party\FreeRTOS\Source\list.o
                0x08002840                uxListRemove
 .text.prvTaskExitError
                0x08002860       0x30 Middlewares\Third_Party\FreeRTOS\Source\portable\GCC\ARM_CM4F\port.o
 .text.prvPortStartFirstTask
                0x08002890       0x20 Middlewares\Third_Party\FreeRTOS\Source\portable\GCC\ARM_CM4F\port.o
 .text.vPortEnableVFP
                0x080028b0       0x14 Middlewares\Third_Party\FreeRTOS\Source\portable\GCC\ARM_CM4F\port.o
 .text.pxPortInitialiseStack
                0x080028c4       0x2c Middlewares\Third_Party\FreeRTOS\Source\portable\GCC\ARM_CM4F\port.o
                0x080028c4                pxPortInitialiseStack
 .text.SVC_Handler
                0x080028f0       0x24 Middlewares\Third_Party\FreeRTOS\Source\portable\GCC\ARM_CM4F\port.o
                0x080028f0                SVC_Handler
 .text.vPortEnterCritical
                0x08002914       0x44 Middlewares\Third_Party\FreeRTOS\Source\portable\GCC\ARM_CM4F\port.o
                0x08002914                vPortEnterCritical
 .text.vPortExitCritical
                0x08002958       0x28 Middlewares\Third_Party\FreeRTOS\Source\portable\GCC\ARM_CM4F\port.o
                0x08002958                vPortExitCritical
 .text.PendSV_Handler
                0x08002980       0x64 Middlewares\Third_Party\FreeRTOS\Source\portable\GCC\ARM_CM4F\port.o
                0x08002980                PendSV_Handler
 .text.xPortSysTickHandler
                0x080029e4       0x2c Middlewares\Third_Party\FreeRTOS\Source\portable\GCC\ARM_CM4F\port.o
                0x080029e4                xPortSysTickHandler
 .text.vPortSetupTimerInterrupt
                0x08002a10       0x28 Middlewares\Third_Party\FreeRTOS\Source\portable\GCC\ARM_CM4F\port.o
                0x08002a10                vPortSetupTimerInterrupt
 .text.xPortStartScheduler
                0x08002a38       0xec Middlewares\Third_Party\FreeRTOS\Source\portable\GCC\ARM_CM4F\port.o
                0x08002a38                xPortStartScheduler
 .text.unlikely.prvInsertBlockIntoFreeList
                0x08002b24       0x48 Middlewares\Third_Party\FreeRTOS\Source\portable\MemMang\heap_4.o
 .text.pvPortMalloc
                0x08002b6c      0x11c Middlewares\Third_Party\FreeRTOS\Source\portable\MemMang\heap_4.o
                0x08002b6c                pvPortMalloc
 .text.vPortFree
                0x08002c88       0x70 Middlewares\Third_Party\FreeRTOS\Source\portable\MemMang\heap_4.o
                0x08002c88                vPortFree
 .text.prvResetNextTaskUnblockTime
                0x08002cf8       0x24 Middlewares\Third_Party\FreeRTOS\Source\tasks.o
 .text.prvAddCurrentTaskToDelayedList
                0x08002d1c       0x8c Middlewares\Third_Party\FreeRTOS\Source\tasks.o
 .text.xTaskCreate
                0x08002da8      0x1a0 Middlewares\Third_Party\FreeRTOS\Source\tasks.o
                0x08002da8                xTaskCreate
 .text.vTaskStartScheduler
                0x08002f48       0x78 Middlewares\Third_Party\FreeRTOS\Source\tasks.o
                0x08002f48                vTaskStartScheduler
 .text.vTaskSuspendAll
                0x08002fc0       0x10 Middlewares\Third_Party\FreeRTOS\Source\tasks.o
                0x08002fc0                vTaskSuspendAll
 .text.xTaskIncrementTick
                0x08002fd0      0x124 Middlewares\Third_Party\FreeRTOS\Source\tasks.o
                0x08002fd0                xTaskIncrementTick
 .text.xTaskResumeAll
                0x080030f4       0xf0 Middlewares\Third_Party\FreeRTOS\Source\tasks.o
                0x080030f4                xTaskResumeAll
 .text.vTaskDelay
                0x080031e4       0x48 Middlewares\Third_Party\FreeRTOS\Source\tasks.o
                0x080031e4                vTaskDelay
 .text.prvIdleTask
                0x0800322c       0x74 Middlewares\Third_Party\FreeRTOS\Source\tasks.o
 .text.vTaskSwitchContext
                0x080032a0       0x74 Middlewares\Third_Party\FreeRTOS\Source\tasks.o
                0x080032a0                vTaskSwitchContext
 .text.xTaskGetSchedulerState
                0x08003314       0x20 Middlewares\Third_Party\FreeRTOS\Source\tasks.o
                0x08003314                xTaskGetSchedulerState
 .text.StartDefaultTask
                0x08003334        0xe Src\main.o
                0x08003334                StartDefaultTask
 .text.SystemClock_Config
                0x08003342       0x80 Src\main.o
                0x08003342                SystemClock_Config
 *fill*         0x080033c2        0x2 
 .text.startup.main
                0x080033c4       0x94 Src\main.o
                0x080033c4                main
 .text.HAL_TIM_PeriodElapsedCallback
                0x08003458       0x14 Src\main.o
                0x08003458                HAL_TIM_PeriodElapsedCallback
 .text._Error_Handler
                0x0800346c        0x2 Src\main.o
                0x0800346c                _Error_Handler
 *fill*         0x0800346e        0x2 
 .text.HAL_MspInit
                0x08003470       0x8c Src\stm32f3xx_hal_msp.o
                0x08003470                HAL_MspInit
 .text.HAL_InitTick
                0x080034fc       0x78 Src\stm32f3xx_hal_timebase_TIM.o
                0x080034fc                HAL_InitTick
 .text.NMI_Handler
                0x08003574        0x2 Src\stm32f3xx_it.o
                0x08003574                NMI_Handler
 .text.HardFault_Handler
                0x08003576        0x2 Src\stm32f3xx_it.o
                0x08003576                HardFault_Handler
 .text.MemManage_Handler
                0x08003578        0x2 Src\stm32f3xx_it.o
                0x08003578                MemManage_Handler
 .text.BusFault_Handler
                0x0800357a        0x2 Src\stm32f3xx_it.o
                0x0800357a                BusFault_Handler
 .text.UsageFault_Handler
                0x0800357c        0x2 Src\stm32f3xx_it.o
                0x0800357c                UsageFault_Handler
 .text.DebugMon_Handler
                0x0800357e        0x2 Src\stm32f3xx_it.o
                0x0800357e                DebugMon_Handler
 .text.SysTick_Handler
                0x08003580        0x4 Src\stm32f3xx_it.o
                0x08003580                SysTick_Handler
 .text.USB_LP_CAN_RX0_IRQHandler
                0x08003584        0xc Src\stm32f3xx_it.o
                0x08003584                USB_LP_CAN_RX0_IRQHandler
 .text.TIM1_UP_TIM16_IRQHandler
                0x08003590        0xc Src\stm32f3xx_it.o
                0x08003590                TIM1_UP_TIM16_IRQHandler
 .text.SystemInit
                0x0800359c       0x68 Src\system_stm32f3xx.o
                0x0800359c                SystemInit
 .text.MX_USB_DEVICE_Init
                0x08003604       0x48 Src\usb_device.o
                0x08003604                MX_USB_DEVICE_Init
 .text.AUDIO_Init_FS
                0x0800364c        0x4 Src\usbd_audio_if.o
 .text.AUDIO_DeInit_FS
                0x08003650        0x4 Src\usbd_audio_if.o
 .text.AUDIO_AudioCmd_FS
                0x08003654        0x4 Src\usbd_audio_if.o
 .text.AUDIO_PeriodicTC_FS
                0x08003658        0x4 Src\usbd_audio_if.o
 .text.AUDIO_GetState_FS
                0x0800365c        0x4 Src\usbd_audio_if.o
 .text.AUDIO_MuteCtl_FS
                0x08003660        0x4 Src\usbd_audio_if.o
 .text.AUDIO_VolumeCtl_FS
                0x08003664        0x4 Src\usbd_audio_if.o
 .text.HAL_PCD_MspInit
                0x08003668       0x3c Src\usbd_conf.o
                0x08003668                HAL_PCD_MspInit
 .text.HAL_PCD_SetupStageCallback
                0x080036a4        0xc Src\usbd_conf.o
                0x080036a4                HAL_PCD_SetupStageCallback
 .text.HAL_PCD_DataOutStageCallback
                0x080036b0       0x12 Src\usbd_conf.o
                0x080036b0                HAL_PCD_DataOutStageCallback
 .text.HAL_PCD_DataInStageCallback
                0x080036c2       0x10 Src\usbd_conf.o
                0x080036c2                HAL_PCD_DataInStageCallback
 .text.HAL_PCD_SOFCallback
                0x080036d2        0x8 Src\usbd_conf.o
                0x080036d2                HAL_PCD_SOFCallback
 .text.HAL_PCD_ResetCallback
                0x080036da       0x1a Src\usbd_conf.o
                0x080036da                HAL_PCD_ResetCallback
 .text.HAL_PCD_SuspendCallback
                0x080036f4       0x20 Src\usbd_conf.o
                0x080036f4                HAL_PCD_SuspendCallback
 .text.HAL_PCD_ResumeCallback
                0x08003714        0x8 Src\usbd_conf.o
                0x08003714                HAL_PCD_ResumeCallback
 .text.USBD_LL_Init
                0x0800371c       0x64 Src\usbd_conf.o
                0x0800371c                USBD_LL_Init
 .text.USBD_LL_Start
                0x08003780       0x1c Src\usbd_conf.o
                0x08003780                USBD_LL_Start
 .text.USBD_LL_OpenEP
                0x0800379c       0x20 Src\usbd_conf.o
                0x0800379c                USBD_LL_OpenEP
 .text.USBD_LL_CloseEP
                0x080037bc       0x1c Src\usbd_conf.o
                0x080037bc                USBD_LL_CloseEP
 .text.USBD_LL_StallEP
                0x080037d8       0x1c Src\usbd_conf.o
                0x080037d8                USBD_LL_StallEP
 .text.USBD_LL_ClearStallEP
                0x080037f4       0x1c Src\usbd_conf.o
                0x080037f4                USBD_LL_ClearStallEP
 .text.USBD_LL_IsStallEP
                0x08003810       0x26 Src\usbd_conf.o
                0x08003810                USBD_LL_IsStallEP
 *fill*         0x08003836        0x2 
 .text.USBD_LL_SetUSBAddress
                0x08003838       0x1c Src\usbd_conf.o
                0x08003838                USBD_LL_SetUSBAddress
 .text.USBD_LL_Transmit
                0x08003854       0x1c Src\usbd_conf.o
                0x08003854                USBD_LL_Transmit
 .text.USBD_LL_PrepareReceive
                0x08003870       0x1c Src\usbd_conf.o
                0x08003870                USBD_LL_PrepareReceive
 .text.USBD_static_malloc
                0x0800388c        0x8 Src\usbd_conf.o
                0x0800388c                USBD_static_malloc
 .text.USBD_static_free
                0x08003894        0x2 Src\usbd_conf.o
                0x08003894                USBD_static_free
 .text.HAL_PCDEx_SetConnectionState
                0x08003896        0x2 Src\usbd_conf.o
                0x08003896                HAL_PCDEx_SetConnectionState
 .text.USBD_FS_DeviceDescriptor
                0x08003898        0xc Src\usbd_desc.o
                0x08003898                USBD_FS_DeviceDescriptor
 .text.USBD_FS_LangIDStrDescriptor
                0x080038a4        0xc Src\usbd_desc.o
                0x080038a4                USBD_FS_LangIDStrDescriptor
 .text.USBD_FS_ManufacturerStrDescriptor
                0x080038b0       0x1c Src\usbd_desc.o
                0x080038b0                USBD_FS_ManufacturerStrDescriptor
 .text.USBD_FS_ProductStrDescriptor
                0x080038cc       0x1c Src\usbd_desc.o
                0x080038cc                USBD_FS_ProductStrDescriptor
 .text.USBD_FS_SerialStrDescriptor
                0x080038e8       0x1c Src\usbd_desc.o
                0x080038e8                USBD_FS_SerialStrDescriptor
 .text.USBD_FS_ConfigStrDescriptor
                0x08003904       0x1c Src\usbd_desc.o
                0x08003904                USBD_FS_ConfigStrDescriptor
 .text.USBD_FS_InterfaceStrDescriptor
                0x08003920       0x1c Src\usbd_desc.o
                0x08003920                USBD_FS_InterfaceStrDescriptor
 .text.Reset_Handler
                0x0800393c       0x50 startup\startup_stm32f303xe.o
                0x0800393c                Reset_Handler
 .text.Default_Handler
                0x0800398c        0x2 startup\startup_stm32f303xe.o
                0x0800398c                RTC_Alarm_IRQHandler
                0x0800398c                TIM8_TRG_COM_IRQHandler
                0x0800398c                TIM8_CC_IRQHandler
                0x0800398c                SPI4_IRQHandler
                0x0800398c                TIM1_CC_IRQHandler
                0x0800398c                USB_HP_IRQHandler
                0x0800398c                PVD_IRQHandler
                0x0800398c                TAMP_STAMP_IRQHandler
                0x0800398c                EXTI3_IRQHandler
                0x0800398c                I2C3_ER_IRQHandler
                0x0800398c                USB_HP_CAN_TX_IRQHandler
                0x0800398c                EXTI0_IRQHandler
                0x0800398c                I2C2_EV_IRQHandler
                0x0800398c                FPU_IRQHandler
                0x0800398c                ADC1_2_IRQHandler
                0x0800398c                SPI1_IRQHandler
                0x0800398c                CAN_SCE_IRQHandler
                0x0800398c                TIM6_DAC_IRQHandler
                0x0800398c                TIM8_UP_IRQHandler
                0x0800398c                DMA2_Channel2_IRQHandler
                0x0800398c                DMA1_Channel4_IRQHandler
                0x0800398c                TIM20_TRG_COM_IRQHandler
                0x0800398c                USART3_IRQHandler
                0x0800398c                DMA1_Channel7_IRQHandler
                0x0800398c                UART5_IRQHandler
                0x0800398c                ADC3_IRQHandler
                0x0800398c                TIM4_IRQHandler
                0x0800398c                CAN_RX1_IRQHandler
                0x0800398c                DMA2_Channel1_IRQHandler
                0x0800398c                I2C1_EV_IRQHandler
                0x0800398c                DMA1_Channel6_IRQHandler
                0x0800398c                UART4_IRQHandler
                0x0800398c                DMA2_Channel4_IRQHandler
                0x0800398c                TIM3_IRQHandler
                0x0800398c                RCC_IRQHandler
                0x0800398c                TIM20_UP_IRQHandler
                0x0800398c                DMA1_Channel1_IRQHandler
                0x0800398c                Default_Handler
                0x0800398c                USBWakeUp_RMP_IRQHandler
                0x0800398c                EXTI15_10_IRQHandler
                0x0800398c                TIM7_IRQHandler
                0x0800398c                I2C3_EV_IRQHandler
                0x0800398c                EXTI9_5_IRQHandler
                0x0800398c                RTC_WKUP_IRQHandler
                0x0800398c                SPI2_IRQHandler
                0x0800398c                DMA2_Channel5_IRQHandler
                0x0800398c                DMA1_Channel5_IRQHandler
                0x0800398c                USB_LP_IRQHandler
                0x0800398c                EXTI4_IRQHandler
                0x0800398c                TIM1_TRG_COM_TIM17_IRQHandler
                0x0800398c                DMA1_Channel3_IRQHandler
                0x0800398c                ADC4_IRQHandler
                0x0800398c                WWDG_IRQHandler
                0x0800398c                TIM2_IRQHandler
                0x0800398c                COMP7_IRQHandler
                0x0800398c                COMP1_2_3_IRQHandler
                0x0800398c                EXTI1_IRQHandler
                0x0800398c                USART2_IRQHandler
                0x0800398c                COMP4_5_6_IRQHandler
                0x0800398c                TIM20_BRK_IRQHandler
                0x0800398c                I2C2_ER_IRQHandler
                0x0800398c                DMA1_Channel2_IRQHandler
                0x0800398c                TIM8_BRK_IRQHandler
                0x0800398c                FLASH_IRQHandler
                0x0800398c                TIM20_CC_IRQHandler
                0x0800398c                USART1_IRQHandler
                0x0800398c                SPI3_IRQHandler
                0x0800398c                I2C1_ER_IRQHandler
                0x0800398c                FMC_IRQHandler
                0x0800398c                USBWakeUp_IRQHandler
                0x0800398c                DMA2_Channel3_IRQHandler
                0x0800398c                EXTI2_TSC_IRQHandler
                0x0800398c                TIM1_BRK_TIM15_IRQHandler
 *fill*         0x0800398e        0x2 
 .text.__libc_init_array
                0x08003990       0x48 c:/program files (x86)/atollic/truestudio for stm32 9.0.1/armtools/bin/../lib/gcc/arm-atollic-eabi/6.3.1/../../../../arm-atollic-eabi/lib/armv7e-m/fpu\libc_nano.a(lib_a-init.o)
                0x08003990                __libc_init_array
 .text.memset   0x080039d8       0x10 c:/program files (x86)/atollic/truestudio for stm32 9.0.1/armtools/bin/../lib/gcc/arm-atollic-eabi/6.3.1/../../../../arm-atollic-eabi/lib/armv7e-m/fpu\libc_nano.a(lib_a-memset.o)
                0x080039d8                memset
 *(.glue_7)
 .glue_7        0x080039e8        0x0 linker stubs
 *(.glue_7t)
 .glue_7t       0x080039e8        0x0 linker stubs
 *(.eh_frame)
 .eh_frame      0x080039e8        0x0 c:/program files (x86)/atollic/truestudio for stm32 9.0.1/armtools/bin/../lib/gcc/arm-atollic-eabi/6.3.1/armv7e-m/fpu/crtbegin.o
 *(.init)
 .init          0x080039e8        0x4 c:/program files (x86)/atollic/truestudio for stm32 9.0.1/armtools/bin/../lib/gcc/arm-atollic-eabi/6.3.1/armv7e-m/fpu/crti.o
                0x080039e8                _init
 .init          0x080039ec        0x8 c:/program files (x86)/atollic/truestudio for stm32 9.0.1/armtools/bin/../lib/gcc/arm-atollic-eabi/6.3.1/armv7e-m/fpu/crtn.o
 *(.fini)
 .fini          0x080039f4        0x4 c:/program files (x86)/atollic/truestudio for stm32 9.0.1/armtools/bin/../lib/gcc/arm-atollic-eabi/6.3.1/armv7e-m/fpu/crti.o
                0x080039f4                _fini
 .fini          0x080039f8        0x8 c:/program files (x86)/atollic/truestudio for stm32 9.0.1/armtools/bin/../lib/gcc/arm-atollic-eabi/6.3.1/armv7e-m/fpu/crtn.o
                0x08003a00                . = ALIGN (0x4)
                0x08003a00                _etext = .

.vfp11_veneer   0x08003a00        0x0
 .vfp11_veneer  0x08003a00        0x0 linker stubs

.v4_bx          0x08003a00        0x0
 .v4_bx         0x08003a00        0x0 linker stubs

.iplt           0x08003a00        0x0
 .iplt          0x08003a00        0x0 c:/program files (x86)/atollic/truestudio for stm32 9.0.1/armtools/bin/../lib/gcc/arm-atollic-eabi/6.3.1/armv7e-m/fpu/crtbegin.o

.rodata         0x08003a00       0xc4
                0x08003a00                . = ALIGN (0x4)
 *(.rodata)
 .rodata        0x08003a00       0x14 Src\main.o
 *(.rodata*)
 .rodata.aPLLMULFactorTable
                0x08003a14       0x10 Drivers\STM32F3xx_HAL_Driver\Src\stm32f3xx_hal_rcc.o
                0x08003a14                aPLLMULFactorTable
 .rodata.aPredivFactorTable
                0x08003a24       0x10 Drivers\STM32F3xx_HAL_Driver\Src\stm32f3xx_hal_rcc.o
                0x08003a24                aPredivFactorTable
 .rodata.vTaskStartScheduler.str1.1
                0x08003a34        0x5 Middlewares\Third_Party\FreeRTOS\Source\tasks.o
 .rodata.str1.1
                0x08003a39        0xc Src\main.o
 .rodata.AHBPrescTable
                0x08003a45       0x10 Src\system_stm32f3xx.o
                0x08003a45                AHBPrescTable
 .rodata.APBPrescTable
                0x08003a55        0x8 Src\system_stm32f3xx.o
                0x08003a55                APBPrescTable
 .rodata.CSWTCH.39
                0x08003a5d        0x4 Src\usbd_conf.o
 .rodata.USBD_LL_Init.str1.1
                0x08003a61       0x13 Src\usbd_conf.o
 .rodata.USBD_FS_ConfigStrDescriptor.str1.1
                0x08003a74        0xd Src\usbd_desc.o
 .rodata.USBD_FS_InterfaceStrDescriptor.str1.1
                0x08003a81       0x10 Src\usbd_desc.o
 .rodata.USBD_FS_ManufacturerStrDescriptor.str1.1
                0x08003a91       0x13 Src\usbd_desc.o
 .rodata.USBD_FS_ProductStrDescriptor.str1.1
                0x08003aa4       0x12 Src\usbd_desc.o
 .rodata.USBD_FS_SerialStrDescriptor.str1.1
                0x08003ab6        0xd Src\usbd_desc.o
                0x08003ac4                . = ALIGN (0x4)
 *fill*         0x08003ac3        0x1 

.rel.dyn        0x08003ac4        0x0
 .rel.iplt      0x08003ac4        0x0 c:/program files (x86)/atollic/truestudio for stm32 9.0.1/armtools/bin/../lib/gcc/arm-atollic-eabi/6.3.1/armv7e-m/fpu/crtbegin.o

.ARM.extab
 *(.ARM.extab* .gnu.linkonce.armextab.*)

.ARM            0x08003ac4        0x0
                0x08003ac4                __exidx_start = .
 *(.ARM.exidx*)
                0x08003ac4                __exidx_end = .

.preinit_array  0x08003ac4        0x0
                0x08003ac4                PROVIDE (__preinit_array_start, .)
 *(.preinit_array*)
                0x08003ac4                PROVIDE (__preinit_array_end, .)

.init_array     0x08003ac4        0x4
                0x08003ac4                PROVIDE (__init_array_start, .)
 *(SORT(.init_array.*))
 *(.init_array*)
 .init_array    0x08003ac4        0x4 c:/program files (x86)/atollic/truestudio for stm32 9.0.1/armtools/bin/../lib/gcc/arm-atollic-eabi/6.3.1/armv7e-m/fpu/crtbegin.o
                0x08003ac8                PROVIDE (__init_array_end, .)

.fini_array     0x08003ac8        0x4
                [!provide]                PROVIDE (__fini_array_start, .)
 *(SORT(.fini_array.*))
 *(.fini_array*)
 .fini_array    0x08003ac8        0x4 c:/program files (x86)/atollic/truestudio for stm32 9.0.1/armtools/bin/../lib/gcc/arm-atollic-eabi/6.3.1/armv7e-m/fpu/crtbegin.o
                [!provide]                PROVIDE (__fini_array_end, .)
                0x08003acc                _sidata = LOADADDR (.data)

.data           0x20000000      0x110 load address 0x08003acc
                0x20000000                . = ALIGN (0x4)
                0x20000000                _sdata = .
 *(.data)
 *(.data*)
 .data.uwTickFreq
                0x20000000        0x1 Drivers\STM32F3xx_HAL_Driver\Src\stm32f3xx_hal.o
                0x20000000                uwTickFreq
 *fill*         0x20000001        0x3 
 .data.USBD_AUDIO
                0x20000004       0x38 Middlewares\ST\STM32_USB_Device_Library\Class\AUDIO\Src\usbd_audio.o
                0x20000004                USBD_AUDIO
 .data.USBD_AUDIO_CfgDesc
                0x2000003c       0x6d Middlewares\ST\STM32_USB_Device_Library\Class\AUDIO\Src\usbd_audio.o
 *fill*         0x200000a9        0x3 
 .data.USBD_AUDIO_DeviceQualifierDesc
                0x200000ac        0xa Middlewares\ST\STM32_USB_Device_Library\Class\AUDIO\Src\usbd_audio.o
 *fill*         0x200000b6        0x2 
 .data.uxCriticalNesting
                0x200000b8        0x4 Middlewares\Third_Party\FreeRTOS\Source\portable\GCC\ARM_CM4F\port.o
 .data.SystemCoreClock
                0x200000bc        0x4 Src\system_stm32f3xx.o
                0x200000bc                SystemCoreClock
 .data.USBD_AUDIO_fops_FS
                0x200000c0       0x1c Src\usbd_audio_if.o
                0x200000c0                USBD_AUDIO_fops_FS
 .data.FS_Desc  0x200000dc       0x1c Src\usbd_desc.o
                0x200000dc                FS_Desc
 .data.USBD_FS_DeviceDesc
                0x200000f8       0x12 Src\usbd_desc.o
                0x200000f8                USBD_FS_DeviceDesc
 *fill*         0x2000010a        0x2 
 .data.USBD_LangIDDesc
                0x2000010c        0x4 Src\usbd_desc.o
                0x2000010c                USBD_LangIDDesc
                0x20000110                . = ALIGN (0x4)
                0x20000110                _edata = .
                0x08003bdc                _siccmram = LOADADDR (.ccmram)

.igot.plt       0x20000110        0x0 load address 0x08003bdc
 .igot.plt      0x20000110        0x0 c:/program files (x86)/atollic/truestudio for stm32 9.0.1/armtools/bin/../lib/gcc/arm-atollic-eabi/6.3.1/armv7e-m/fpu/crtbegin.o

.ccmram         0x10000000        0x0 load address 0x08003bdc
                0x10000000                . = ALIGN (0x4)
                0x10000000                _sccmram = .
 *(.ccmram)
 *(.ccmram*)
                0x10000000                . = ALIGN (0x4)
                0x10000000                _eccmram = .
                0x10000000                . = ALIGN (0x4)

.bss            0x20000110     0x314c
                0x20000110                _sbss = .
                0x20000110                __bss_start__ = _sbss
 *(.bss)
 .bss           0x20000110       0x1c c:/program files (x86)/atollic/truestudio for stm32 9.0.1/armtools/bin/../lib/gcc/arm-atollic-eabi/6.3.1/armv7e-m/fpu/crtbegin.o
 *(.bss*)
 .bss.cfgidx.9858
                0x2000012c        0x1 Middlewares\ST\STM32_USB_Device_Library\Core\Src\usbd_ctlreq.o
 .bss.ucMaxSysCallPriority
                0x2000012d        0x1 Middlewares\Third_Party\FreeRTOS\Source\portable\GCC\ARM_CM4F\port.o
 *fill*         0x2000012e        0x2 
 .bss.ulMaxPRIGROUPValue
                0x20000130        0x4 Middlewares\Third_Party\FreeRTOS\Source\portable\GCC\ARM_CM4F\port.o
 .bss.pxEnd     0x20000134        0x4 Middlewares\Third_Party\FreeRTOS\Source\portable\MemMang\heap_4.o
 .bss.ucHeap    0x20000138      0xc00 Middlewares\Third_Party\FreeRTOS\Source\portable\MemMang\heap_4.o
 .bss.xBlockAllocatedBit
                0x20000d38        0x4 Middlewares\Third_Party\FreeRTOS\Source\portable\MemMang\heap_4.o
 .bss.xFreeBytesRemaining
                0x20000d3c        0x4 Middlewares\Third_Party\FreeRTOS\Source\portable\MemMang\heap_4.o
 .bss.xMinimumEverFreeBytesRemaining
                0x20000d40        0x4 Middlewares\Third_Party\FreeRTOS\Source\portable\MemMang\heap_4.o
 .bss.xStart    0x20000d44        0x8 Middlewares\Third_Party\FreeRTOS\Source\portable\MemMang\heap_4.o
 .bss.pxCurrentTCB
                0x20000d4c        0x4 Middlewares\Third_Party\FreeRTOS\Source\tasks.o
                0x20000d4c                pxCurrentTCB
 .bss.pxDelayedTaskList
                0x20000d50        0x4 Middlewares\Third_Party\FreeRTOS\Source\tasks.o
 .bss.pxOverflowDelayedTaskList
                0x20000d54        0x4 Middlewares\Third_Party\FreeRTOS\Source\tasks.o
 .bss.pxReadyTasksLists
                0x20000d58       0x8c Middlewares\Third_Party\FreeRTOS\Source\tasks.o
 .bss.uxCurrentNumberOfTasks
                0x20000de4        0x4 Middlewares\Third_Party\FreeRTOS\Source\tasks.o
 .bss.uxDeletedTasksWaitingCleanUp
                0x20000de8        0x4 Middlewares\Third_Party\FreeRTOS\Source\tasks.o
 .bss.uxPendedTicks
                0x20000dec        0x4 Middlewares\Third_Party\FreeRTOS\Source\tasks.o
 .bss.uxSchedulerSuspended
                0x20000df0        0x4 Middlewares\Third_Party\FreeRTOS\Source\tasks.o
 .bss.uxTaskNumber
                0x20000df4        0x4 Middlewares\Third_Party\FreeRTOS\Source\tasks.o
 .bss.uxTopReadyPriority
                0x20000df8        0x4 Middlewares\Third_Party\FreeRTOS\Source\tasks.o
 .bss.xDelayedTaskList1
                0x20000dfc       0x14 Middlewares\Third_Party\FreeRTOS\Source\tasks.o
 .bss.xDelayedTaskList2
                0x20000e10       0x14 Middlewares\Third_Party\FreeRTOS\Source\tasks.o
 .bss.xIdleTaskHandle
                0x20000e24        0x4 Middlewares\Third_Party\FreeRTOS\Source\tasks.o
 .bss.xNextTaskUnblockTime
                0x20000e28        0x4 Middlewares\Third_Party\FreeRTOS\Source\tasks.o
 .bss.xNumOfOverflows
                0x20000e2c        0x4 Middlewares\Third_Party\FreeRTOS\Source\tasks.o
 .bss.xPendingReadyList
                0x20000e30       0x14 Middlewares\Third_Party\FreeRTOS\Source\tasks.o
 .bss.xSchedulerRunning
                0x20000e44        0x4 Middlewares\Third_Party\FreeRTOS\Source\tasks.o
 .bss.xSuspendedTaskList
                0x20000e48       0x14 Middlewares\Third_Party\FreeRTOS\Source\tasks.o
 .bss.xTasksWaitingTermination
                0x20000e5c       0x14 Middlewares\Third_Party\FreeRTOS\Source\tasks.o
 .bss.xTickCount
                0x20000e70        0x4 Middlewares\Third_Party\FreeRTOS\Source\tasks.o
 .bss.xYieldPending
                0x20000e74        0x4 Middlewares\Third_Party\FreeRTOS\Source\tasks.o
 .bss.mem.10020
                0x20000e78     0x1bd0 Src\usbd_conf.o
 *(COMMON)
 COMMON         0x20002a48        0x4 Drivers\STM32F3xx_HAL_Driver\Src\stm32f3xx_hal.o
                0x20002a48                uwTick
 COMMON         0x20002a4c        0x4 Src\main.o
                0x20002a4c                defaultTaskHandle
 COMMON         0x20002a50       0x40 Src\stm32f3xx_hal_timebase_TIM.o
                0x20002a50                htim1
 COMMON         0x20002a90      0x224 Src\usb_device.o
                0x20002a90                hUsbDeviceFS
 COMMON         0x20002cb4      0x3a8 Src\usbd_conf.o
                0x20002cb4                hpcd_USB_FS
 COMMON         0x2000305c      0x200 Src\usbd_desc.o
                0x2000305c                USBD_StrDesc
                0x2000325c                . = ALIGN (0x4)
                0x2000325c                _ebss = .
                0x2000325c                __bss_end__ = _ebss

._user_heap_stack
                0x2000325c      0x600
                0x2000325c                . = ALIGN (0x4)
                [!provide]                PROVIDE (end, .)
                [!provide]                PROVIDE (_end, .)
                0x2000345c                . = (. + _Min_Heap_Size)
 *fill*         0x2000325c      0x200 
                0x2000385c                . = (. + _Min_Stack_Size)
 *fill*         0x2000345c      0x400 
                0x2000385c                . = ALIGN (0x4)

/DISCARD/
 libc.a(*)
 libm.a(*)
 libgcc.a(*)

.ARM.attributes
                0x00000000       0x30
 *(.ARM.attributes)
 .ARM.attributes
                0x00000000       0x22 c:/program files (x86)/atollic/truestudio for stm32 9.0.1/armtools/bin/../lib/gcc/arm-atollic-eabi/6.3.1/armv7e-m/fpu/crti.o
 .ARM.attributes
                0x00000022       0x34 c:/program files (x86)/atollic/truestudio for stm32 9.0.1/armtools/bin/../lib/gcc/arm-atollic-eabi/6.3.1/armv7e-m/fpu/crtbegin.o
 .ARM.attributes
                0x00000056       0x39 Drivers\STM32F3xx_HAL_Driver\Src\stm32f3xx_hal.o
 .ARM.attributes
                0x0000008f       0x39 Drivers\STM32F3xx_HAL_Driver\Src\stm32f3xx_hal_cortex.o
 .ARM.attributes
                0x000000c8       0x39 Drivers\STM32F3xx_HAL_Driver\Src\stm32f3xx_hal_gpio.o
 .ARM.attributes
                0x00000101       0x39 Drivers\STM32F3xx_HAL_Driver\Src\stm32f3xx_hal_pcd.o
 .ARM.attributes
                0x0000013a       0x39 Drivers\STM32F3xx_HAL_Driver\Src\stm32f3xx_hal_pcd_ex.o
 .ARM.attributes
                0x00000173       0x39 Drivers\STM32F3xx_HAL_Driver\Src\stm32f3xx_hal_rcc.o
 .ARM.attributes
                0x000001ac       0x39 Drivers\STM32F3xx_HAL_Driver\Src\stm32f3xx_hal_rcc_ex.o
 .ARM.attributes
                0x000001e5       0x39 Drivers\STM32F3xx_HAL_Driver\Src\stm32f3xx_hal_tim.o
 .ARM.attributes
                0x0000021e       0x39 Drivers\STM32F3xx_HAL_Driver\Src\stm32f3xx_hal_tim_ex.o
 .ARM.attributes
                0x00000257       0x39 Middlewares\ST\STM32_USB_Device_Library\Class\AUDIO\Src\usbd_audio.o
 .ARM.attributes
                0x00000290       0x39 Middlewares\ST\STM32_USB_Device_Library\Core\Src\usbd_core.o
 .ARM.attributes
                0x000002c9       0x39 Middlewares\ST\STM32_USB_Device_Library\Core\Src\usbd_ctlreq.o
 .ARM.attributes
                0x00000302       0x39 Middlewares\ST\STM32_USB_Device_Library\Core\Src\usbd_ioreq.o
 .ARM.attributes
                0x0000033b       0x39 Middlewares\Third_Party\FreeRTOS\Source\CMSIS_RTOS\cmsis_os.o
 .ARM.attributes
                0x00000374       0x39 Middlewares\Third_Party\FreeRTOS\Source\list.o
 .ARM.attributes
                0x000003ad       0x39 Middlewares\Third_Party\FreeRTOS\Source\portable\GCC\ARM_CM4F\port.o
 .ARM.attributes
                0x000003e6       0x39 Middlewares\Third_Party\FreeRTOS\Source\portable\MemMang\heap_4.o
 .ARM.attributes
                0x0000041f       0x39 Middlewares\Third_Party\FreeRTOS\Source\tasks.o
 .ARM.attributes
                0x00000458       0x39 Src\main.o
 .ARM.attributes
                0x00000491       0x39 Src\stm32f3xx_hal_msp.o
 .ARM.attributes
                0x000004ca       0x39 Src\stm32f3xx_hal_timebase_TIM.o
 .ARM.attributes
                0x00000503       0x39 Src\stm32f3xx_it.o
 .ARM.attributes
                0x0000053c       0x39 Src\system_stm32f3xx.o
 .ARM.attributes
                0x00000575       0x39 Src\usb_device.o
 .ARM.attributes
                0x000005ae       0x39 Src\usbd_audio_if.o
 .ARM.attributes
                0x000005e7       0x39 Src\usbd_conf.o
 .ARM.attributes
                0x00000620       0x39 Src\usbd_desc.o
 .ARM.attributes
                0x00000659       0x21 startup\startup_stm32f303xe.o
 .ARM.attributes
                0x0000067a       0x34 c:/program files (x86)/atollic/truestudio for stm32 9.0.1/armtools/bin/../lib/gcc/arm-atollic-eabi/6.3.1/../../../../arm-atollic-eabi/lib/armv7e-m/fpu\libc_nano.a(lib_a-init.o)
 .ARM.attributes
                0x000006ae       0x34 c:/program files (x86)/atollic/truestudio for stm32 9.0.1/armtools/bin/../lib/gcc/arm-atollic-eabi/6.3.1/../../../../arm-atollic-eabi/lib/armv7e-m/fpu\libc_nano.a(lib_a-memset.o)
 .ARM.attributes
                0x000006e2       0x22 c:/program files (x86)/atollic/truestudio for stm32 9.0.1/armtools/bin/../lib/gcc/arm-atollic-eabi/6.3.1/armv7e-m/fpu/crtn.o
OUTPUT(MiDi.elf elf32-littlearm)

.debug_info     0x00000000    0x2508c
 .debug_info    0x00000000     0x10e4 Drivers\STM32F3xx_HAL_Driver\Src\stm32f3xx_hal.o
 .debug_info    0x000010e4     0x1732 Drivers\STM32F3xx_HAL_Driver\Src\stm32f3xx_hal_cortex.o
 .debug_info    0x00002816      0xfec Drivers\STM32F3xx_HAL_Driver\Src\stm32f3xx_hal_gpio.o
 .debug_info    0x00003802     0x1a1a Drivers\STM32F3xx_HAL_Driver\Src\stm32f3xx_hal_pcd.o
 .debug_info    0x0000521c      0xf71 Drivers\STM32F3xx_HAL_Driver\Src\stm32f3xx_hal_pcd_ex.o
 .debug_info    0x0000618d     0x1bc3 Drivers\STM32F3xx_HAL_Driver\Src\stm32f3xx_hal_rcc.o
 .debug_info    0x00007d50      0xfa7 Drivers\STM32F3xx_HAL_Driver\Src\stm32f3xx_hal_rcc_ex.o
 .debug_info    0x00008cf7     0x3d64 Drivers\STM32F3xx_HAL_Driver\Src\stm32f3xx_hal_tim.o
 .debug_info    0x0000ca5b     0x1d97 Drivers\STM32F3xx_HAL_Driver\Src\stm32f3xx_hal_tim_ex.o
 .debug_info    0x0000e7f2     0x15eb Middlewares\ST\STM32_USB_Device_Library\Class\AUDIO\Src\usbd_audio.o
 .debug_info    0x0000fddd     0x14bf Middlewares\ST\STM32_USB_Device_Library\Core\Src\usbd_core.o
 .debug_info    0x0001129c     0x14f2 Middlewares\ST\STM32_USB_Device_Library\Core\Src\usbd_ctlreq.o
 .debug_info    0x0001278e     0x101e Middlewares\ST\STM32_USB_Device_Library\Core\Src\usbd_ioreq.o
 .debug_info    0x000137ac     0x2540 Middlewares\Third_Party\FreeRTOS\Source\CMSIS_RTOS\cmsis_os.o
 .debug_info    0x00015cec      0xac0 Middlewares\Third_Party\FreeRTOS\Source\list.o
 .debug_info    0x000167ac      0x531 Middlewares\Third_Party\FreeRTOS\Source\portable\GCC\ARM_CM4F\port.o
 .debug_info    0x00016cdd      0xca5 Middlewares\Third_Party\FreeRTOS\Source\portable\MemMang\heap_4.o
 .debug_info    0x00017982     0x2aa3 Middlewares\Third_Party\FreeRTOS\Source\tasks.o
 .debug_info    0x0001a425     0x1cb1 Src\main.o
 .debug_info    0x0001c0d6      0xd84 Src\stm32f3xx_hal_msp.o
 .debug_info    0x0001ce5a     0x12ea Src\stm32f3xx_hal_timebase_TIM.o
 .debug_info    0x0001e144     0x12e6 Src\stm32f3xx_it.o
 .debug_info    0x0001f42a      0xc74 Src\system_stm32f3xx.o
 .debug_info    0x0002009e     0x1013 Src\usb_device.o
 .debug_info    0x000210b1     0x106f Src\usbd_audio_if.o
 .debug_info    0x00022120     0x2123 Src\usbd_conf.o
 .debug_info    0x00024243      0xdd3 Src\usbd_desc.o
 .debug_info    0x00025016       0x76 startup\startup_stm32f303xe.o

.debug_abbrev   0x00000000     0x4d18
 .debug_abbrev  0x00000000      0x2f5 Drivers\STM32F3xx_HAL_Driver\Src\stm32f3xx_hal.o
 .debug_abbrev  0x000002f5      0x37d Drivers\STM32F3xx_HAL_Driver\Src\stm32f3xx_hal_cortex.o
 .debug_abbrev  0x00000672      0x268 Drivers\STM32F3xx_HAL_Driver\Src\stm32f3xx_hal_gpio.o
 .debug_abbrev  0x000008da      0x3c4 Drivers\STM32F3xx_HAL_Driver\Src\stm32f3xx_hal_pcd.o
 .debug_abbrev  0x00000c9e      0x249 Drivers\STM32F3xx_HAL_Driver\Src\stm32f3xx_hal_pcd_ex.o
 .debug_abbrev  0x00000ee7      0x358 Drivers\STM32F3xx_HAL_Driver\Src\stm32f3xx_hal_rcc.o
 .debug_abbrev  0x0000123f      0x329 Drivers\STM32F3xx_HAL_Driver\Src\stm32f3xx_hal_rcc_ex.o
 .debug_abbrev  0x00001568      0x3ab Drivers\STM32F3xx_HAL_Driver\Src\stm32f3xx_hal_tim.o
 .debug_abbrev  0x00001913      0x30d Drivers\STM32F3xx_HAL_Driver\Src\stm32f3xx_hal_tim_ex.o
 .debug_abbrev  0x00001c20      0x38e Middlewares\ST\STM32_USB_Device_Library\Class\AUDIO\Src\usbd_audio.o
 .debug_abbrev  0x00001fae      0x308 Middlewares\ST\STM32_USB_Device_Library\Core\Src\usbd_core.o
 .debug_abbrev  0x000022b6      0x3aa Middlewares\ST\STM32_USB_Device_Library\Core\Src\usbd_ctlreq.o
 .debug_abbrev  0x00002660      0x1da Middlewares\ST\STM32_USB_Device_Library\Core\Src\usbd_ioreq.o
 .debug_abbrev  0x0000283a      0x447 Middlewares\Third_Party\FreeRTOS\Source\CMSIS_RTOS\cmsis_os.o
 .debug_abbrev  0x00002c81      0x1e3 Middlewares\Third_Party\FreeRTOS\Source\list.o
 .debug_abbrev  0x00002e64      0x211 Middlewares\Third_Party\FreeRTOS\Source\portable\GCC\ARM_CM4F\port.o
 .debug_abbrev  0x00003075      0x314 Middlewares\Third_Party\FreeRTOS\Source\portable\MemMang\heap_4.o
 .debug_abbrev  0x00003389      0x419 Middlewares\Third_Party\FreeRTOS\Source\tasks.o
 .debug_abbrev  0x000037a2      0x31a Src\main.o
 .debug_abbrev  0x00003abc      0x1f5 Src\stm32f3xx_hal_msp.o
 .debug_abbrev  0x00003cb1      0x258 Src\stm32f3xx_hal_timebase_TIM.o
 .debug_abbrev  0x00003f09      0x222 Src\stm32f3xx_it.o
 .debug_abbrev  0x0000412b      0x1e2 Src\system_stm32f3xx.o
 .debug_abbrev  0x0000430d      0x1fe Src\usb_device.o
 .debug_abbrev  0x0000450b      0x27e Src\usbd_audio_if.o
 .debug_abbrev  0x00004789      0x302 Src\usbd_conf.o
 .debug_abbrev  0x00004a8b      0x27b Src\usbd_desc.o
 .debug_abbrev  0x00004d06       0x12 startup\startup_stm32f303xe.o

.debug_loc      0x00000000     0xb774
 .debug_loc     0x00000000      0x11b Drivers\STM32F3xx_HAL_Driver\Src\stm32f3xx_hal.o
 .debug_loc     0x0000011b      0x4fb Drivers\STM32F3xx_HAL_Driver\Src\stm32f3xx_hal_cortex.o
 .debug_loc     0x00000616      0x2b7 Drivers\STM32F3xx_HAL_Driver\Src\stm32f3xx_hal_gpio.o
 .debug_loc     0x000008cd      0xd50 Drivers\STM32F3xx_HAL_Driver\Src\stm32f3xx_hal_pcd.o
 .debug_loc     0x0000161d      0x364 Drivers\STM32F3xx_HAL_Driver\Src\stm32f3xx_hal_pcd_ex.o
 .debug_loc     0x00001981      0x962 Drivers\STM32F3xx_HAL_Driver\Src\stm32f3xx_hal_rcc.o
 .debug_loc     0x000022e3      0x858 Drivers\STM32F3xx_HAL_Driver\Src\stm32f3xx_hal_rcc_ex.o
 .debug_loc     0x00002b3b     0x31c6 Drivers\STM32F3xx_HAL_Driver\Src\stm32f3xx_hal_tim.o
 .debug_loc     0x00005d01      0xe98 Drivers\STM32F3xx_HAL_Driver\Src\stm32f3xx_hal_tim_ex.o
 .debug_loc     0x00006b99      0x547 Middlewares\ST\STM32_USB_Device_Library\Class\AUDIO\Src\usbd_audio.o
 .debug_loc     0x000070e0      0x5f2 Middlewares\ST\STM32_USB_Device_Library\Core\Src\usbd_core.o
 .debug_loc     0x000076d2      0x7cd Middlewares\ST\STM32_USB_Device_Library\Core\Src\usbd_ctlreq.o
 .debug_loc     0x00007e9f      0x23c Middlewares\ST\STM32_USB_Device_Library\Core\Src\usbd_ioreq.o
 .debug_loc     0x000080db     0x109b Middlewares\Third_Party\FreeRTOS\Source\CMSIS_RTOS\cmsis_os.o
 .debug_loc     0x00009176       0x94 Middlewares\Third_Party\FreeRTOS\Source\list.o
 .debug_loc     0x0000920a       0xcf Middlewares\Third_Party\FreeRTOS\Source\portable\GCC\ARM_CM4F\port.o
 .debug_loc     0x000092d9      0x390 Middlewares\Third_Party\FreeRTOS\Source\portable\MemMang\heap_4.o
 .debug_loc     0x00009669     0x1309 Middlewares\Third_Party\FreeRTOS\Source\tasks.o
 .debug_loc     0x0000a972       0x4d Src\main.o
 .debug_loc     0x0000a9bf       0x94 Src\stm32f3xx_hal_timebase_TIM.o
 .debug_loc     0x0000aa53       0xf5 Src\system_stm32f3xx.o
 .debug_loc     0x0000ab48       0x84 Src\usbd_audio_if.o
 .debug_loc     0x0000abcc      0x935 Src\usbd_conf.o
 .debug_loc     0x0000b501      0x273 Src\usbd_desc.o

.debug_aranges  0x00000000      0xff0
 .debug_aranges
                0x00000000       0xd8 Drivers\STM32F3xx_HAL_Driver\Src\stm32f3xx_hal.o
 .debug_aranges
                0x000000d8       0xa8 Drivers\STM32F3xx_HAL_Driver\Src\stm32f3xx_hal_cortex.o
 .debug_aranges
                0x00000180       0x58 Drivers\STM32F3xx_HAL_Driver\Src\stm32f3xx_hal_gpio.o
 .debug_aranges
                0x000001d8       0xc0 Drivers\STM32F3xx_HAL_Driver\Src\stm32f3xx_hal_pcd.o
 .debug_aranges
                0x00000298       0x38 Drivers\STM32F3xx_HAL_Driver\Src\stm32f3xx_hal_pcd_ex.o
 .debug_aranges
                0x000002d0       0x88 Drivers\STM32F3xx_HAL_Driver\Src\stm32f3xx_hal_rcc.o
 .debug_aranges
                0x00000358       0x38 Drivers\STM32F3xx_HAL_Driver\Src\stm32f3xx_hal_rcc_ex.o
 .debug_aranges
                0x00000390      0x268 Drivers\STM32F3xx_HAL_Driver\Src\stm32f3xx_hal_tim.o
 .debug_aranges
                0x000005f8      0x120 Drivers\STM32F3xx_HAL_Driver\Src\stm32f3xx_hal_tim_ex.o
 .debug_aranges
                0x00000718       0x70 Middlewares\ST\STM32_USB_Device_Library\Class\AUDIO\Src\usbd_audio.o
 .debug_aranges
                0x00000788       0xa8 Middlewares\ST\STM32_USB_Device_Library\Core\Src\usbd_core.o
 .debug_aranges
                0x00000830       0x50 Middlewares\ST\STM32_USB_Device_Library\Core\Src\usbd_ctlreq.o
 .debug_aranges
                0x00000880       0x50 Middlewares\ST\STM32_USB_Device_Library\Core\Src\usbd_ioreq.o
 .debug_aranges
                0x000008d0      0x198 Middlewares\Third_Party\FreeRTOS\Source\CMSIS_RTOS\cmsis_os.o
 .debug_aranges
                0x00000a68       0x40 Middlewares\Third_Party\FreeRTOS\Source\list.o
 .debug_aranges
                0x00000aa8       0x80 Middlewares\Third_Party\FreeRTOS\Source\portable\GCC\ARM_CM4F\port.o
 .debug_aranges
                0x00000b28       0x48 Middlewares\Third_Party\FreeRTOS\Source\portable\MemMang\heap_4.o
 .debug_aranges
                0x00000b70      0x178 Middlewares\Third_Party\FreeRTOS\Source\tasks.o
 .debug_aranges
                0x00000ce8       0x40 Src\main.o
 .debug_aranges
                0x00000d28       0x20 Src\stm32f3xx_hal_msp.o
 .debug_aranges
                0x00000d48       0x30 Src\stm32f3xx_hal_timebase_TIM.o
 .debug_aranges
                0x00000d78       0x58 Src\stm32f3xx_it.o
 .debug_aranges
                0x00000dd0       0x28 Src\system_stm32f3xx.o
 .debug_aranges
                0x00000df8       0x20 Src\usb_device.o
 .debug_aranges
                0x00000e18       0x50 Src\usbd_audio_if.o
 .debug_aranges
                0x00000e68      0x110 Src\usbd_conf.o
 .debug_aranges
                0x00000f78       0x50 Src\usbd_desc.o
 .debug_aranges
                0x00000fc8       0x28 startup\startup_stm32f303xe.o

.debug_ranges   0x00000000     0x15c8
 .debug_ranges  0x00000000       0xc8 Drivers\STM32F3xx_HAL_Driver\Src\stm32f3xx_hal.o
 .debug_ranges  0x000000c8      0x138 Drivers\STM32F3xx_HAL_Driver\Src\stm32f3xx_hal_cortex.o
 .debug_ranges  0x00000200       0x68 Drivers\STM32F3xx_HAL_Driver\Src\stm32f3xx_hal_gpio.o
 .debug_ranges  0x00000268      0x228 Drivers\STM32F3xx_HAL_Driver\Src\stm32f3xx_hal_pcd.o
 .debug_ranges  0x00000490       0x28 Drivers\STM32F3xx_HAL_Driver\Src\stm32f3xx_hal_pcd_ex.o
 .debug_ranges  0x000004b8      0x1f0 Drivers\STM32F3xx_HAL_Driver\Src\stm32f3xx_hal_rcc.o
 .debug_ranges  0x000006a8       0x90 Drivers\STM32F3xx_HAL_Driver\Src\stm32f3xx_hal_rcc_ex.o
 .debug_ranges  0x00000738      0x348 Drivers\STM32F3xx_HAL_Driver\Src\stm32f3xx_hal_tim.o
 .debug_ranges  0x00000a80      0x110 Drivers\STM32F3xx_HAL_Driver\Src\stm32f3xx_hal_tim_ex.o
 .debug_ranges  0x00000b90       0x60 Middlewares\ST\STM32_USB_Device_Library\Class\AUDIO\Src\usbd_audio.o
 .debug_ranges  0x00000bf0       0x98 Middlewares\ST\STM32_USB_Device_Library\Core\Src\usbd_core.o
 .debug_ranges  0x00000c88       0xc0 Middlewares\ST\STM32_USB_Device_Library\Core\Src\usbd_ctlreq.o
 .debug_ranges  0x00000d48       0x40 Middlewares\ST\STM32_USB_Device_Library\Core\Src\usbd_ioreq.o
 .debug_ranges  0x00000d88      0x188 Middlewares\Third_Party\FreeRTOS\Source\CMSIS_RTOS\cmsis_os.o
 .debug_ranges  0x00000f10       0x30 Middlewares\Third_Party\FreeRTOS\Source\list.o
 .debug_ranges  0x00000f40       0x88 Middlewares\Third_Party\FreeRTOS\Source\portable\GCC\ARM_CM4F\port.o
 .debug_ranges  0x00000fc8       0x38 Middlewares\Third_Party\FreeRTOS\Source\portable\MemMang\heap_4.o
 .debug_ranges  0x00001000      0x290 Middlewares\Third_Party\FreeRTOS\Source\tasks.o
 .debug_ranges  0x00001290       0x88 Src\main.o
 .debug_ranges  0x00001318       0x40 Src\stm32f3xx_hal_msp.o
 .debug_ranges  0x00001358       0x40 Src\stm32f3xx_hal_timebase_TIM.o
 .debug_ranges  0x00001398       0x48 Src\stm32f3xx_it.o
 .debug_ranges  0x000013e0       0x18 Src\system_stm32f3xx.o
 .debug_ranges  0x000013f8       0x10 Src\usb_device.o
 .debug_ranges  0x00001408       0x40 Src\usbd_audio_if.o
 .debug_ranges  0x00001448      0x120 Src\usbd_conf.o
 .debug_ranges  0x00001568       0x40 Src\usbd_desc.o
 .debug_ranges  0x000015a8       0x20 startup\startup_stm32f303xe.o

.debug_line     0x00000000     0x980c
 .debug_line    0x00000000      0x47d Drivers\STM32F3xx_HAL_Driver\Src\stm32f3xx_hal.o
 .debug_line    0x0000047d      0x4db Drivers\STM32F3xx_HAL_Driver\Src\stm32f3xx_hal_cortex.o
 .debug_line    0x00000958      0x483 Drivers\STM32F3xx_HAL_Driver\Src\stm32f3xx_hal_gpio.o
 .debug_line    0x00000ddb      0x7c5 Drivers\STM32F3xx_HAL_Driver\Src\stm32f3xx_hal_pcd.o
 .debug_line    0x000015a0      0x342 Drivers\STM32F3xx_HAL_Driver\Src\stm32f3xx_hal_pcd_ex.o
 .debug_line    0x000018e2      0x89a Drivers\STM32F3xx_HAL_Driver\Src\stm32f3xx_hal_rcc.o
 .debug_line    0x0000217c      0x596 Drivers\STM32F3xx_HAL_Driver\Src\stm32f3xx_hal_rcc_ex.o
 .debug_line    0x00002712     0x12da Drivers\STM32F3xx_HAL_Driver\Src\stm32f3xx_hal_tim.o
 .debug_line    0x000039ec      0x904 Drivers\STM32F3xx_HAL_Driver\Src\stm32f3xx_hal_tim_ex.o
 .debug_line    0x000042f0      0x50e Middlewares\ST\STM32_USB_Device_Library\Class\AUDIO\Src\usbd_audio.o
 .debug_line    0x000047fe      0x52b Middlewares\ST\STM32_USB_Device_Library\Core\Src\usbd_core.o
 .debug_line    0x00004d29      0x4ab Middlewares\ST\STM32_USB_Device_Library\Core\Src\usbd_ctlreq.o
 .debug_line    0x000051d4      0x3c1 Middlewares\ST\STM32_USB_Device_Library\Core\Src\usbd_ioreq.o
 .debug_line    0x00005595      0x8e8 Middlewares\Third_Party\FreeRTOS\Source\CMSIS_RTOS\cmsis_os.o
 .debug_line    0x00005e7d      0x368 Middlewares\Third_Party\FreeRTOS\Source\list.o
 .debug_line    0x000061e5      0x349 Middlewares\Third_Party\FreeRTOS\Source\portable\GCC\ARM_CM4F\port.o
 .debug_line    0x0000652e      0x415 Middlewares\Third_Party\FreeRTOS\Source\portable\MemMang\heap_4.o
 .debug_line    0x00006943      0xbd6 Middlewares\Third_Party\FreeRTOS\Source\tasks.o
 .debug_line    0x00007519      0x4ec Src\main.o
 .debug_line    0x00007a05      0x2a1 Src\stm32f3xx_hal_msp.o
 .debug_line    0x00007ca6      0x33b Src\stm32f3xx_hal_timebase_TIM.o
 .debug_line    0x00007fe1      0x387 Src\stm32f3xx_it.o
 .debug_line    0x00008368      0x2a9 Src\system_stm32f3xx.o
 .debug_line    0x00008611      0x3ce Src\usb_device.o
 .debug_line    0x000089df      0x3dc Src\usbd_audio_if.o
 .debug_line    0x00008dbb      0x633 Src\usbd_conf.o
 .debug_line    0x000093ee      0x39f Src\usbd_desc.o
 .debug_line    0x0000978d       0x7f startup\startup_stm32f303xe.o

.debug_str      0x00000000     0x5fe3
 .debug_str     0x00000000      0xdf4 Drivers\STM32F3xx_HAL_Driver\Src\stm32f3xx_hal.o
                                0xe95 (size before relaxing)
 .debug_str     0x00000df4      0x3e0 Drivers\STM32F3xx_HAL_Driver\Src\stm32f3xx_hal_cortex.o
                               0x10b3 (size before relaxing)
 .debug_str     0x000011d4      0x247 Drivers\STM32F3xx_HAL_Driver\Src\stm32f3xx_hal_gpio.o
                                0x9cb (size before relaxing)
 .debug_str     0x0000141b      0x60d Drivers\STM32F3xx_HAL_Driver\Src\stm32f3xx_hal_pcd.o
                                0xd8b (size before relaxing)
 .debug_str     0x00001a28       0x8c Drivers\STM32F3xx_HAL_Driver\Src\stm32f3xx_hal_pcd_ex.o
                                0xa8b (size before relaxing)
 .debug_str     0x00001ab4      0x30d Drivers\STM32F3xx_HAL_Driver\Src\stm32f3xx_hal_rcc.o
                                0xb2a (size before relaxing)
 .debug_str     0x00001dc1      0x2b9 Drivers\STM32F3xx_HAL_Driver\Src\stm32f3xx_hal_rcc_ex.o
                                0xabe (size before relaxing)
 .debug_str     0x0000207a     0x110e Drivers\STM32F3xx_HAL_Driver\Src\stm32f3xx_hal_tim.o
                               0x18cf (size before relaxing)
 .debug_str     0x00003188      0x5a3 Drivers\STM32F3xx_HAL_Driver\Src\stm32f3xx_hal_tim_ex.o
                               0x130a (size before relaxing)
 .debug_str     0x0000372b      0x6ff Middlewares\ST\STM32_USB_Device_Library\Class\AUDIO\Src\usbd_audio.o
                                0xe5f (size before relaxing)
 .debug_str     0x00003e2a      0x2a7 Middlewares\ST\STM32_USB_Device_Library\Core\Src\usbd_core.o
                                0xd41 (size before relaxing)
 .debug_str     0x000040d1      0x11b Middlewares\ST\STM32_USB_Device_Library\Core\Src\usbd_ctlreq.o
                                0xc5b (size before relaxing)
 .debug_str     0x000041ec       0x78 Middlewares\ST\STM32_USB_Device_Library\Core\Src\usbd_ioreq.o
                                0xb88 (size before relaxing)
 .debug_str     0x00004264      0xb27 Middlewares\Third_Party\FreeRTOS\Source\CMSIS_RTOS\cmsis_os.o
                               0x1214 (size before relaxing)
 .debug_str     0x00004d8b      0x14f Middlewares\Third_Party\FreeRTOS\Source\list.o
                                0x751 (size before relaxing)
 .debug_str     0x00004eda      0x21e Middlewares\Third_Party\FreeRTOS\Source\portable\GCC\ARM_CM4F\port.o
                                0x480 (size before relaxing)
 .debug_str     0x000050f8      0x1e8 Middlewares\Third_Party\FreeRTOS\Source\portable\MemMang\heap_4.o
                                0x83a (size before relaxing)
 .debug_str     0x000052e0      0x853 Middlewares\Third_Party\FreeRTOS\Source\tasks.o
                               0x128b (size before relaxing)
 .debug_str     0x00005b33       0xb4 Src\main.o
                               0x1945 (size before relaxing)
 .debug_str     0x00005be7       0x1b Src\stm32f3xx_hal_msp.o
                                0xbf4 (size before relaxing)
 .debug_str     0x00005c02       0x61 Src\stm32f3xx_hal_timebase_TIM.o
                               0x110b (size before relaxing)
 .debug_str     0x00005c63       0xca Src\stm32f3xx_it.o
                                0xe01 (size before relaxing)
 .debug_str     0x00005d2d       0x50 Src\system_stm32f3xx.o
                                0x7af (size before relaxing)
 .debug_str     0x00005d7d       0x27 Src\usb_device.o
                                0xb94 (size before relaxing)
 .debug_str     0x00005da4       0xe0 Src\usbd_audio_if.o
                                0xc4f (size before relaxing)
 .debug_str     0x00005e84       0x51 Src\usbd_conf.o
                               0x17e8 (size before relaxing)
 .debug_str     0x00005ed5      0x10e Src\usbd_desc.o
                                0x8fc (size before relaxing)

.comment        0x00000000       0x7c
 .comment       0x00000000       0x7c Drivers\STM32F3xx_HAL_Driver\Src\stm32f3xx_hal.o
                                 0x7d (size before relaxing)
 .comment       0x0000007c       0x7d Drivers\STM32F3xx_HAL_Driver\Src\stm32f3xx_hal_cortex.o
 .comment       0x0000007c       0x7d Drivers\STM32F3xx_HAL_Driver\Src\stm32f3xx_hal_gpio.o
 .comment       0x0000007c       0x7d Drivers\STM32F3xx_HAL_Driver\Src\stm32f3xx_hal_pcd.o
 .comment       0x0000007c       0x7d Drivers\STM32F3xx_HAL_Driver\Src\stm32f3xx_hal_pcd_ex.o
 .comment       0x0000007c       0x7d Drivers\STM32F3xx_HAL_Driver\Src\stm32f3xx_hal_rcc.o
 .comment       0x0000007c       0x7d Drivers\STM32F3xx_HAL_Driver\Src\stm32f3xx_hal_rcc_ex.o
 .comment       0x0000007c       0x7d Drivers\STM32F3xx_HAL_Driver\Src\stm32f3xx_hal_tim.o
 .comment       0x0000007c       0x7d Drivers\STM32F3xx_HAL_Driver\Src\stm32f3xx_hal_tim_ex.o
 .comment       0x0000007c       0x7d Middlewares\ST\STM32_USB_Device_Library\Class\AUDIO\Src\usbd_audio.o
 .comment       0x0000007c       0x7d Middlewares\ST\STM32_USB_Device_Library\Core\Src\usbd_core.o
 .comment       0x0000007c       0x7d Middlewares\ST\STM32_USB_Device_Library\Core\Src\usbd_ctlreq.o
 .comment       0x0000007c       0x7d Middlewares\ST\STM32_USB_Device_Library\Core\Src\usbd_ioreq.o
 .comment       0x0000007c       0x7d Middlewares\Third_Party\FreeRTOS\Source\CMSIS_RTOS\cmsis_os.o
 .comment       0x0000007c       0x7d Middlewares\Third_Party\FreeRTOS\Source\list.o
 .comment       0x0000007c       0x7d Middlewares\Third_Party\FreeRTOS\Source\portable\GCC\ARM_CM4F\port.o
 .comment       0x0000007c       0x7d Middlewares\Third_Party\FreeRTOS\Source\portable\MemMang\heap_4.o
 .comment       0x0000007c       0x7d Middlewares\Third_Party\FreeRTOS\Source\tasks.o
 .comment       0x0000007c       0x7d Src\main.o
 .comment       0x0000007c       0x7d Src\stm32f3xx_hal_msp.o
 .comment       0x0000007c       0x7d Src\stm32f3xx_hal_timebase_TIM.o
 .comment       0x0000007c       0x7d Src\stm32f3xx_it.o
 .comment       0x0000007c       0x7d Src\system_stm32f3xx.o
 .comment       0x0000007c       0x7d Src\usb_device.o
 .comment       0x0000007c       0x7d Src\usbd_audio_if.o
 .comment       0x0000007c       0x7d Src\usbd_conf.o
 .comment       0x0000007c       0x7d Src\usbd_desc.o

.debug_frame    0x00000000     0x2bd0
 .debug_frame   0x00000000      0x1d0 Drivers\STM32F3xx_HAL_Driver\Src\stm32f3xx_hal.o
 .debug_frame   0x000001d0      0x158 Drivers\STM32F3xx_HAL_Driver\Src\stm32f3xx_hal_cortex.o
 .debug_frame   0x00000328       0xd8 Drivers\STM32F3xx_HAL_Driver\Src\stm32f3xx_hal_gpio.o
 .debug_frame   0x00000400      0x2a0 Drivers\STM32F3xx_HAL_Driver\Src\stm32f3xx_hal_pcd.o
 .debug_frame   0x000006a0       0x70 Drivers\STM32F3xx_HAL_Driver\Src\stm32f3xx_hal_pcd_ex.o
 .debug_frame   0x00000710      0x144 Drivers\STM32F3xx_HAL_Driver\Src\stm32f3xx_hal_rcc.o
 .debug_frame   0x00000854       0xb8 Drivers\STM32F3xx_HAL_Driver\Src\stm32f3xx_hal_rcc_ex.o
 .debug_frame   0x0000090c      0x8b0 Drivers\STM32F3xx_HAL_Driver\Src\stm32f3xx_hal_tim.o
 .debug_frame   0x000011bc      0x3e4 Drivers\STM32F3xx_HAL_Driver\Src\stm32f3xx_hal_tim_ex.o
 .debug_frame   0x000015a0      0x13c Middlewares\ST\STM32_USB_Device_Library\Class\AUDIO\Src\usbd_audio.o
 .debug_frame   0x000016dc      0x1c0 Middlewares\ST\STM32_USB_Device_Library\Core\Src\usbd_core.o
 .debug_frame   0x0000189c       0xcc Middlewares\ST\STM32_USB_Device_Library\Core\Src\usbd_ctlreq.o
 .debug_frame   0x00001968       0xb8 Middlewares\ST\STM32_USB_Device_Library\Core\Src\usbd_ioreq.o
 .debug_frame   0x00001a20      0x4dc Middlewares\Third_Party\FreeRTOS\Source\CMSIS_RTOS\cmsis_os.o
 .debug_frame   0x00001efc       0x6c Middlewares\Third_Party\FreeRTOS\Source\list.o
 .debug_frame   0x00001f68       0xf0 Middlewares\Third_Party\FreeRTOS\Source\portable\GCC\ARM_CM4F\port.o
 .debug_frame   0x00002058       0x98 Middlewares\Third_Party\FreeRTOS\Source\portable\MemMang\heap_4.o
 .debug_frame   0x000020f0      0x4c8 Middlewares\Third_Party\FreeRTOS\Source\tasks.o
 .debug_frame   0x000025b8       0x80 Src\main.o
 .debug_frame   0x00002638       0x2c Src\stm32f3xx_hal_msp.o
 .debug_frame   0x00002664       0x50 Src\stm32f3xx_hal_timebase_TIM.o
 .debug_frame   0x000026b4       0xa0 Src\stm32f3xx_it.o
 .debug_frame   0x00002754       0x38 Src\system_stm32f3xx.o
 .debug_frame   0x0000278c       0x2c Src\usb_device.o
 .debug_frame   0x000027b8       0xa0 Src\usbd_audio_if.o
 .debug_frame   0x00002858      0x284 Src\usbd_conf.o
 .debug_frame   0x00002adc       0xa8 Src\usbd_desc.o
 .debug_frame   0x00002b84       0x2c c:/program files (x86)/atollic/truestudio for stm32 9.0.1/armtools/bin/../lib/gcc/arm-atollic-eabi/6.3.1/../../../../arm-atollic-eabi/lib/armv7e-m/fpu\libc_nano.a(lib_a-init.o)
 .debug_frame   0x00002bb0       0x20 c:/program files (x86)/atollic/truestudio for stm32 9.0.1/armtools/bin/../lib/gcc/arm-atollic-eabi/6.3.1/../../../../arm-atollic-eabi/lib/armv7e-m/fpu\libc_nano.a(lib_a-memset.o)
