usbd_audio.c:505:18:USBD_AUDIO_GetCfgDesc	0	static
usbd_audio.c:532:17:USBD_AUDIO_EP0_RxReady	16	static
usbd_audio.c:567:17:USBD_AUDIO_SOF	0	static
usbd_audio.c:650:17:USBD_AUDIO_IsoOutIncomplete	0	static
usbd_audio.c:757:18:USBD_AUDIO_GetDeviceQualifierDesc	0	static
usbd_audio.c:662:17:USBD_AUDIO_DataOut	24	static
usbd_audio.c:401:17:USBD_AUDIO_DeInit	8	static
usbd_audio.c:352:17:USBD_AUDIO_Init	16	static
usbd_audio.c:427:17:USBD_AUDIO_Setup	24	static
usbd_audio.c:518:17:USBD_AUDIO_DataIn	0	static
usbd_audio.c:638:17:USBD_AUDIO_IsoINIncomplete	0	static
usbd_audio.c:556:17:USBD_AUDIO_EP0_TxReady	0	static
usbd_audio.c:578:7:USBD_AUDIO_Sync	16	static
usbd_audio.c:768:10:USBD_AUDIO_RegisterInterface	0	static
